Archive member included to satisfy reference by file (symbol)

.\CortexM0\ARM_GCC_541\Debug\Test1P.a(cyCapsense_Control.o)
                              .\CortexM0\ARM_GCC_541\Debug\rcos.o (cyCapsense_Start)
.\CortexM0\ARM_GCC_541\Debug\Test1P.a(cyCapsense_Processing.o)
                              .\CortexM0\ARM_GCC_541\Debug\Test1P.a(cyCapsense_Control.o) (cyCapsense_DpInitialize)
.\CortexM0\ARM_GCC_541\Debug\Test1P.a(cyCapsense_Structure.o)
                              .\CortexM0\ARM_GCC_541\Debug\Test1P.a(cyCapsense_Control.o) (cyCapsense_DsInitialize)
.\CortexM0\ARM_GCC_541\Debug\Test1P.a(cyCapsense_Tuner.o)
                              .\CortexM0\ARM_GCC_541\Debug\Test1P.a(cyCapsense_Control.o) (cyCapsense_TuInitialize)
.\CortexM0\ARM_GCC_541\Debug\Test1P.a(cyCapsense_Filter.o)
                              .\CortexM0\ARM_GCC_541\Debug\Test1P.a(cyCapsense_Control.o) (cyCapsense_InitializeAllBaselines)
.\CortexM0\ARM_GCC_541\Debug\Test1P.a(cyCapsense_Sensing.o)
                              .\CortexM0\ARM_GCC_541\Debug\rcos.o (cyCapsense_IsBusy)
.\CortexM0\ARM_GCC_541\Debug\Test1P.a(cyCapsense_SensingCSD_LL.o)
                              .\CortexM0\ARM_GCC_541\Debug\Test1P.a(cyCapsense_Sensing.o) (cyCapsense_SsCSDInitialize)
.\CortexM0\ARM_GCC_541\Debug\Test1P.a(cyLed_p43.o)
                              .\CortexM0\ARM_GCC_541\Debug\rcos.o (cyLed_p43_Write)
.\CortexM0\ARM_GCC_541\Debug\Test1P.a(cyLed_p44.o)
                              .\CortexM0\ARM_GCC_541\Debug\rcos.o (cyLed_p44_Write)
.\CortexM0\ARM_GCC_541\Debug\Test1P.a(cyLed_p45.o)
                              .\CortexM0\ARM_GCC_541\Debug\rcos.o (cyLed_p45_Write)
.\CortexM0\ARM_GCC_541\Debug\Test1P.a(cyBuzzerPWM.o)
                              .\CortexM0\ARM_GCC_541\Debug\rcos.o (cyBuzzerPWM_Stop)
.\CortexM0\ARM_GCC_541\Debug\Test1P.a(cySegA_p20.o)
                              .\CortexM0\ARM_GCC_541\Debug\rcos.o (cySegA_p20_Write)
.\CortexM0\ARM_GCC_541\Debug\Test1P.a(cySegB_p21.o)
                              .\CortexM0\ARM_GCC_541\Debug\rcos.o (cySegB_p21_Write)
.\CortexM0\ARM_GCC_541\Debug\Test1P.a(cySegC_p22.o)
                              .\CortexM0\ARM_GCC_541\Debug\rcos.o (cySegC_p22_Write)
.\CortexM0\ARM_GCC_541\Debug\Test1P.a(cySegD_p23.o)
                              .\CortexM0\ARM_GCC_541\Debug\rcos.o (cySegD_p23_Write)
.\CortexM0\ARM_GCC_541\Debug\Test1P.a(cySegE_p24.o)
                              .\CortexM0\ARM_GCC_541\Debug\rcos.o (cySegE_p24_Write)
.\CortexM0\ARM_GCC_541\Debug\Test1P.a(cySegF_p25.o)
                              .\CortexM0\ARM_GCC_541\Debug\rcos.o (cySegF_p25_Write)
.\CortexM0\ARM_GCC_541\Debug\Test1P.a(cySegG_p26.o)
                              .\CortexM0\ARM_GCC_541\Debug\rcos.o (cySegG_p26_Write)
.\CortexM0\ARM_GCC_541\Debug\Test1P.a(cyDigit1_p34.o)
                              .\CortexM0\ARM_GCC_541\Debug\rcos.o (cyDigit1_p34_Write)
.\CortexM0\ARM_GCC_541\Debug\Test1P.a(cyDigit2_p35.o)
                              .\CortexM0\ARM_GCC_541\Debug\rcos.o (cyDigit2_p35_Write)
.\CortexM0\ARM_GCC_541\Debug\Test1P.a(cyCol1_p03.o)
                              .\CortexM0\ARM_GCC_541\Debug\rcos.o (cyCol1_p03_Write)
.\CortexM0\ARM_GCC_541\Debug\Test1P.a(cyCol2_p02.o)
                              .\CortexM0\ARM_GCC_541\Debug\rcos.o (cyCol2_p02_Write)
.\CortexM0\ARM_GCC_541\Debug\Test1P.a(cyCol3_p01.o)
                              .\CortexM0\ARM_GCC_541\Debug\rcos.o (cyCol3_p01_Write)
.\CortexM0\ARM_GCC_541\Debug\Test1P.a(cyCol4_p00.o)
                              .\CortexM0\ARM_GCC_541\Debug\rcos.o (cyCol4_p00_Write)
.\CortexM0\ARM_GCC_541\Debug\Test1P.a(cyCapsense_ISR.o)
                              .\CortexM0\ARM_GCC_541\Debug\Test1P.a(cyCapsense_Sensing.o) (cyCapsense_ISR_StartEx)
.\CortexM0\ARM_GCC_541\Debug\Test1P.a(CyLib.o)
                              .\CortexM0\ARM_GCC_541\Debug\cyfitter_cfg.o (CyIntEnable)
.\CortexM0\ARM_GCC_541\Debug\Test1P.a(CyLFClk.o)
                              .\CortexM0\ARM_GCC_541\Debug\Test1P.a(CyLib.o) (CySysClkWcoEnabled)
.\CortexM0\ARM_GCC_541\Debug\Test1P.a(CyBootAsmGnu.o)
                              .\CortexM0\ARM_GCC_541\Debug\Test1P.a(cyCapsense_SensingCSD_LL.o) (CyDelayCycles)
.\CortexM0\ARM_GCC_541\Debug\Test1P.a(cyCapsense_INT.o)
                              .\CortexM0\ARM_GCC_541\Debug\Test1P.a(cyCapsense_SensingCSD_LL.o) (cyCapsense_CSDPostSingleScan)
.\CortexM0\ARM_GCC_541\Debug\Test1P.a(CyFlash.o)
                              .\CortexM0\ARM_GCC_541\Debug\Test1P.a(CyLib.o) (CySysFlashSetWaitCycles)
C:\Program Files (x86)\Cypress\PSoC Creator\4.4\PSoC Creator\psoc\content\CyComponentLibrary\CyComponentLibrary.cylib\CapSense_P4_v6_0\PSoC4\Library\Capsense_P4Library_GCC.a(CapSense_SmartSense_LL.o)
                              .\CortexM0\ARM_GCC_541\Debug\Test1P.a(cyCapsense_Sensing.o) (SmartSense_TunePrescalers)
[...]
Memory Configuration

Name             Origin             Length             Attributes
rom              0x00000000         0x00040000         xr
ram              0x20000000         0x00008000         xrw
*default*        0x00000000         0xffffffff

Linker script and memory map

LOAD c:/program files (x86)/cypress/psoc creator/4.4/psoc creator/import/gnu/arm/5.4.1/bin/../lib/gcc/arm-none-eabi/5.4.1/armv6-m/crti.o
LOAD c:/program files (x86)/cypress/psoc creator/4.4/psoc creator/import/gnu/arm/5.4.1/bin/../lib/gcc/arm-none-eabi/5.4.1/armv6-m/crtbegin.o
LOAD c:/program files (x86)/cypress/psoc creator/4.4/psoc creator/import/gnu/arm/5.4.1/bin/../lib/gcc/arm-none-eabi/5.4.1/../../../../arm-none-eabi/lib/armv6-m/crt0.o
START GROUP
LOAD .\CortexM0\ARM_GCC_541\Debug\platform.o
LOAD .\CortexM0\ARM_GCC_541\Debug\sevensegmentdisplay.o
LOAD .\CortexM0\ARM_GCC_541\Debug\encoder.o
LOAD .\CortexM0\ARM_GCC_541\Debug\process_ui.o
LOAD .\CortexM0\ARM_GCC_541\Debug\main.o
LOAD .\CortexM0\ARM_GCC_541\Debug\rcos.o
LOAD .\CortexM0\ARM_GCC_541\Debug\cyfitter_cfg.o
LOAD .\CortexM0\ARM_GCC_541\Debug\cymetadata.o
LOAD .\CortexM0\ARM_GCC_541\Debug\Cm0Start.o
LOAD .\CortexM0\ARM_GCC_541\Debug\Test1P.a
LOAD C:\Program Files (x86)\Cypress\PSoC Creator\4.4\PSoC Creator\psoc\content\CyComponentLibrary\CyComponentLibrary.cylib\CapSense_P4_v6_0\PSoC4\Library\Capsense_P4Library_GCC.a
LOAD .\RCOS\Platforms\Cypress\psoc4\lib_psoc4_C_2.0.1_L.0.1.6_release.a
END GROUP
START GROUP
LOAD c:/program files (x86)/cypress/psoc creator/4.4/psoc creator/import/gnu/arm/5.4.1/bin/../lib/gcc/arm-none-eabi/5.4.1/armv6-m\libgcc.a
LOAD c:/program files (x86)/cypress/psoc creator/4.4/psoc creator/import/gnu/arm/5.4.1/bin/../lib/gcc/arm-none-eabi/5.4.1/../../../../arm-none-eabi/lib/armv6-m\libg_nano.a
LOAD c:/program files (x86)/cypress/psoc creator/4.4/psoc creator/import/gnu/arm/5.4.1/bin/../lib/gcc/arm-none-eabi/5.4.1/../../../../arm-none-eabi/lib/armv6-m\libc_nano.a
END GROUP
START GROUP
LOAD c:/program files (x86)/cypress/psoc creator/4.4/psoc creator/import/gnu/arm/5.4.1/bin/../lib/gcc/arm-none-eabi/5.4.1/armv6-m\libgcc.a
LOAD c:/program files (x86)/cypress/psoc creator/4.4/psoc creator/import/gnu/arm/5.4.1/bin/../lib/gcc/arm-none-eabi/5.4.1/../../../../arm-none-eabi/lib/armv6-m\libc_nano.a
END GROUP
LOAD c:/program files (x86)/cypress/psoc creator/4.4/psoc creator/import/gnu/arm/5.4.1/bin/../lib/gcc/arm-none-eabi/5.4.1/armv6-m/crtend.o
LOAD c:/program files (x86)/cypress/psoc creator/4.4/psoc creator/import/gnu/arm/5.4.1/bin/../lib/gcc/arm-none-eabi/5.4.1/armv6-m/crtn.o
START GROUP
LOAD c:/program files (x86)/cypress/psoc creator/4.4/psoc creator/import/gnu/arm/5.4.1/bin/../lib/gcc/arm-none-eabi/5.4.1/armv6-m\libgcc.a
LOAD c:/program files (x86)/cypress/psoc creator/4.4/psoc creator/import/gnu/arm/5.4.1/bin/../lib/gcc/arm-none-eabi/5.4.1/../../../../arm-none-eabi/lib/armv6-m\libc.a
LOAD c:/program files (x86)/cypress/psoc creator/4.4/psoc creator/import/gnu/arm/5.4.1/bin/../lib/gcc/arm-none-eabi/5.4.1/../../../../arm-none-eabi/lib/armv6-m\libnosys.a
END GROUP
                0x00000000                CY_APPL_ORIGIN = 0x0
                0x00000100                CY_FLASH_ROW_SIZE = 0x100
                0x00000001                CY_APPL_NUM = 0x1
                0x00000001                CY_APPL_MAX = 0x1
                0x00000040                CY_METADATA_SIZE = 0x40
                0x00000000                CY_APPL_LOADABLE = 0x0
                0x00000000                CY_CHECKSUM_EXCLUDE_SIZE = ALIGN (0x0, CY_FLASH_ROW_SIZE)
                0x00000000                CY_APP_FOR_STACK_AND_COPIER = 0x0
                [!provide]                PROVIDE (__cy_heap_start, _end)
                0x00000001                PROVIDE (__cy_region_num, ((__cy_regions_end - __cy_regions) / 0x10))
                0x20008000                PROVIDE (__cy_stack, (ORIGIN (ram) + LENGTH (ram)))
                [!provide]                PROVIDE (__cy_heap_end, (__cy_stack - 0x800))

.cybootloader   0x00000000        0x0
 *(.cybootloader)
                0x00000000                appl1_start = CY_APPL_ORIGIN?CY_APPL_ORIGIN:ALIGN (CY_FLASH_ROW_SIZE)
                0x0001ff00                appl2_start = (appl1_start + ALIGN ((((LENGTH (rom) - appl1_start) - (0x2 * CY_FLASH_ROW_SIZE)) / 0x2), CY_FLASH_ROW_SIZE))
                0x00000000                appl_start = (CY_APPL_NUM == 0x1)?appl1_start:appl2_start
                0x00000001                cy_project_type_bootloader = (appl_start == 0x0)?0x1:0x0
                0x00000000                cy_project_type_app_for_stack_and_copier = (CY_APP_FOR_STACK_AND_COPIER == 0x1)?0x1:0x0

.text           0x00000000     0x37e2
 CREATE_OBJECT_SYMBOLS
                0x00000000                PROVIDE (__cy_interrupt_vector, RomVectors)
 *(.romvectors)
 .romvectors    0x00000000       0x10 .\CortexM0\ARM_GCC_541\Debug\Cm0Start.o
                0x00000000                RomVectors
                0x00000001                ASSERT ((. != __cy_interrupt_vector), No interrupt vector)
                0x00000001                ASSERT (CY_APPL_ORIGIN?(SIZEOF (.cybootloader) <= CY_APPL_ORIGIN):0x1, Wrong image location)
                0x00000010                PROVIDE (__cy_reset, Reset)
 *(.text.Reset)
 .text.Reset    0x00000010        0x8 .\CortexM0\ARM_GCC_541\Debug\Cm0Start.o
                0x00000010                Reset
                0x00000001                ASSERT ((. != __cy_reset), No reset code)
 *(.psocinit)
 .psocinit      0x00000018      0x224 .\CortexM0\ARM_GCC_541\Debug\cyfitter_cfg.o
                0x000000e8                cyfitter_cfg
                0x0000023c                . = MAX (., 0x100)
 *(.text .text.* .gnu.linkonce.t.*)
 .text          0x0000023c       0x60 c:/program files (x86)/cypress/psoc creator/4.4/psoc creator/import/gnu/arm/5.4.1/bin/../lib/gcc/arm-none-eabi/5.4.1/armv6-m/crtbegin.o
 .text.globalIntEnable
                0x0000029c        0x4 .\CortexM0\ARM_GCC_541\Debug\platform.o
                0x0000029c                globalIntEnable
 .text.platformInit
                0x000002a0       0x18 .\CortexM0\ARM_GCC_541\Debug\platform.o
                0x000002a0                platformInit
 .text.globalIntDisable
                0x000002b8        0x4 .\CortexM0\ARM_GCC_541\Debug\platform.o
                0x000002b8                globalIntDisable
 .text.isIsrActive
                0x000002bc       0x14 .\CortexM0\ARM_GCC_541\Debug\platform.o
                0x000002bc                isIsrActive
 .text.sevenSegmentDisplayThread
                0x000002d0       0x2c .\CortexM0\ARM_GCC_541\Debug\sevensegmentdisplay.o
 .text.sevenSegmentDisplayDeinit
                0x000002fc        0xc .\CortexM0\ARM_GCC_541\Debug\sevensegmentdisplay.o
 .text.sevenSegmentDisplayGet
                0x00000308        0x4 .\CortexM0\ARM_GCC_541\Debug\sevensegmentdisplay.o
 .text.sevenSegmentDisplayPut
                0x0000030c       0x20 .\CortexM0\ARM_GCC_541\Debug\sevensegmentdisplay.o
 .text.sevenSegmentDisplayHandler
                0x0000032c       0x5c .\CortexM0\ARM_GCC_541\Debug\sevensegmentdisplay.o
 .text.sevenSegmentDisplayInit
                0x00000388       0x18 .\CortexM0\ARM_GCC_541\Debug\sevensegmentdisplay.o
 .text.sevenSegmentDisplayProcessInit
                0x000003a0       0x38 .\CortexM0\ARM_GCC_541\Debug\sevensegmentdisplay.o
                0x000003a0                sevenSegmentDisplayProcessInit
 .text.sevenSegmentDisplayProcessDeinit
                0x000003d8       0x18 .\CortexM0\ARM_GCC_541\Debug\sevensegmentdisplay.o
                0x000003d8                sevenSegmentDisplayProcessDeinit
 .text.encoderDeinit
                0x000003f0        0xc .\CortexM0\ARM_GCC_541\Debug\encoder.o
 .text.encoderPut
                0x000003fc        0x4 .\CortexM0\ARM_GCC_541\Debug\encoder.o
 .text.encoderGet
                0x00000400       0x44 .\CortexM0\ARM_GCC_541\Debug\encoder.o
 .text.encoderInit
                0x00000444       0x30 .\CortexM0\ARM_GCC_541\Debug\encoder.o
 .text.processUiThread
                0x00000474       0x2c .\CortexM0\ARM_GCC_541\Debug\process_ui.o
 .text.processUiInit
                0x000004a0       0x5c .\CortexM0\ARM_GCC_541\Debug\process_ui.o
                0x000004a0                processUiInit
 .text.processUiDeinit
                0x000004fc       0x18 .\CortexM0\ARM_GCC_541\Debug\process_ui.o
                0x000004fc                processUiDeinit
 .text.ledGuiHandler
                0x00000514       0x28 .\CortexM0\ARM_GCC_541\Debug\process_ui.o
                0x00000514                ledGuiHandler
 .text.processUiHandler
                0x0000053c       0x60 .\CortexM0\ARM_GCC_541\Debug\process_ui.o
 .text.main     0x0000059c        0xc .\CortexM0\ARM_GCC_541\Debug\main.o
                0x0000059c                main
 .text.tickStart
                0x000005a8       0x14 .\CortexM0\ARM_GCC_541\Debug\rcos.o
                0x000005a8                tickStart
 .text.wdtRefresh
                0x000005bc        0xc .\CortexM0\ARM_GCC_541\Debug\rcos.o
                0x000005bc                wdtRefresh
 .text.wdtStart
                0x000005c8        0xc .\CortexM0\ARM_GCC_541\Debug\rcos.o
                0x000005c8                wdtStart
 .text.wdtStop  0x000005d4        0xc .\CortexM0\ARM_GCC_541\Debug\rcos.o
                0x000005d4                wdtStop
 .text.LedBlink
                0x000005e0       0x2c .\CortexM0\ARM_GCC_541\Debug\rcos.o
                0x000005e0                LedBlink
 .text.rcosMainLoop
                0x0000060c       0x5c .\CortexM0\ARM_GCC_541\Debug\rcos.o
                0x0000060c                rcosMainLoop
 .text.cfg_write_bytes32
                0x00000668       0x34 .\CortexM0\ARM_GCC_541\Debug\cyfitter_cfg.o
 .text.CYMEMZERO
                0x0000069c        0xc .\CortexM0\ARM_GCC_541\Debug\cyfitter_cfg.o
 .text.SetAnalogRoutingPumps
                0x000006a8       0x40 .\CortexM0\ARM_GCC_541\Debug\cyfitter_cfg.o
                0x000006a8                SetAnalogRoutingPumps
 .text.AnalogSetDefault
                0x000006e8       0x28 .\CortexM0\ARM_GCC_541\Debug\cyfitter_cfg.o
 .text.IntDefaultHandler
                0x00000710       0x10 .\CortexM0\ARM_GCC_541\Debug\Cm0Start.o
                0x00000710                IntDefaultHandler
 .text.Start_c  0x00000720       0x48 .\CortexM0\ARM_GCC_541\Debug\Cm0Start.o
                0x00000720                Start_c
 .text.initialize_psoc
                0x00000768       0x4c .\CortexM0\ARM_GCC_541\Debug\Cm0Start.o
                0x00000768                initialize_psoc
 .text.cyCapsense_Initialize
                0x000007b4       0x28 .\CortexM0\ARM_GCC_541\Debug\Test1P.a(cyCapsense_Control.o)
                0x000007b4                cyCapsense_Initialize
 .text.cyCapsense_Start
                0x000007dc       0x34 .\CortexM0\ARM_GCC_541\Debug\Test1P.a(cyCapsense_Control.o)
                0x000007dc                cyCapsense_Start
 .text.cyCapsense_Stop
                0x00000810       0x10 .\CortexM0\ARM_GCC_541\Debug\Test1P.a(cyCapsense_Control.o)
                0x00000810                cyCapsense_Stop
 .text.cyCapsense_ProcessAllWidgets
                0x00000820       0x44 .\CortexM0\ARM_GCC_541\Debug\Test1P.a(cyCapsense_Control.o)
                0x00000820                cyCapsense_ProcessAllWidgets
 .text.cyCapsense_DpInitialize
                0x00000864       0x58 .\CortexM0\ARM_GCC_541\Debug\Test1P.a(cyCapsense_Processing.o)
                0x00000864                cyCapsense_DpInitialize
 .text.cyCapsense_DpUpdateThresholds
                0x000008bc       0x34 .\CortexM0\ARM_GCC_541\Debug\Test1P.a(cyCapsense_Processing.o)
                0x000008bc                cyCapsense_DpUpdateThresholds
 .text.cyCapsense_DpUpdateDifferences
                0x000008f0       0x18 .\CortexM0\ARM_GCC_541\Debug\Test1P.a(cyCapsense_Processing.o)
                0x000008f0                cyCapsense_DpUpdateDifferences
 .text.cyCapsense_DpProcessCsdWidgetRawCounts
                0x00000908       0x90 .\CortexM0\ARM_GCC_541\Debug\Test1P.a(cyCapsense_Processing.o)
                0x00000908                cyCapsense_DpProcessCsdWidgetRawCounts
 .text.cyCapsense_DpProcessButton
                0x00000998       0x64 .\CortexM0\ARM_GCC_541\Debug\Test1P.a(cyCapsense_Processing.o)
                0x00000998                cyCapsense_DpProcessButton
 .text.cyCapsense_DpProcessCsdWidgetStatus
                0x000009fc       0x58 .\CortexM0\ARM_GCC_541\Debug\Test1P.a(cyCapsense_Processing.o)
                0x000009fc                cyCapsense_DpProcessCsdWidgetStatus
 .text.cyCapsense_DsInitialize
                0x00000a54       0x40 .\CortexM0\ARM_GCC_541\Debug\Test1P.a(cyCapsense_Structure.o)
                0x00000a54                cyCapsense_DsInitialize
 .text.cyCapsense_IsSensorActive
                0x00000a94       0x30 .\CortexM0\ARM_GCC_541\Debug\Test1P.a(cyCapsense_Structure.o)
                0x00000a94                cyCapsense_IsSensorActive
 .text.cyCapsense_TuInitialize
                0x00000ac4       0x14 .\CortexM0\ARM_GCC_541\Debug\Test1P.a(cyCapsense_Tuner.o)
                0x00000ac4                cyCapsense_TuInitialize
 .text.cyCapsense_FtInitializeBaselineChannel
                0x00000ad8       0x20 .\CortexM0\ARM_GCC_541\Debug\Test1P.a(cyCapsense_Filter.o)
                0x00000ad8                cyCapsense_FtInitializeBaselineChannel
 .text.cyCapsense_FtInitializeBaseline
                0x00000af8       0x20 .\CortexM0\ARM_GCC_541\Debug\Test1P.a(cyCapsense_Filter.o)
                0x00000af8                cyCapsense_FtInitializeBaseline
 .text.cyCapsense_InitializeSensorBaseline
                0x00000b18       0x20 .\CortexM0\ARM_GCC_541\Debug\Test1P.a(cyCapsense_Filter.o)
                0x00000b18                cyCapsense_InitializeSensorBaseline
 .text.cyCapsense_InitializeWidgetBaseline
                0x00000b38       0x24 .\CortexM0\ARM_GCC_541\Debug\Test1P.a(cyCapsense_Filter.o)
                0x00000b38                cyCapsense_InitializeWidgetBaseline
 .text.cyCapsense_InitializeAllBaselines
                0x00000b5c       0x18 .\CortexM0\ARM_GCC_541\Debug\Test1P.a(cyCapsense_Filter.o)
                0x00000b5c                cyCapsense_InitializeAllBaselines
 .text.cyCapsense_InitializeAverageInternal
                0x00000b74       0x2c .\CortexM0\ARM_GCC_541\Debug\Test1P.a(cyCapsense_Filter.o)
                0x00000b74                cyCapsense_InitializeAverageInternal
 .text.cyCapsense_InitializeWidgetFilter
                0x00000ba0       0x70 .\CortexM0\ARM_GCC_541\Debug\Test1P.a(cyCapsense_Filter.o)
                0x00000ba0                cyCapsense_InitializeWidgetFilter
 .text.cyCapsense_InitializeAllFilters
                0x00000c10       0x18 .\CortexM0\ARM_GCC_541\Debug\Test1P.a(cyCapsense_Filter.o)
                0x00000c10                cyCapsense_InitializeAllFilters
 .text.cyCapsense_FtInitialize
                0x00000c28        0x8 .\CortexM0\ARM_GCC_541\Debug\Test1P.a(cyCapsense_Filter.o)
                0x00000c28                cyCapsense_FtInitialize
 .text.cyCapsense_RunAverageInternal
                0x00000c30       0x50 .\CortexM0\ARM_GCC_541\Debug\Test1P.a(cyCapsense_Filter.o)
                0x00000c30                cyCapsense_RunAverageInternal
 .text.cyCapsense_FtRunEnabledFiltersInternal
                0x00000c80        0x8 .\CortexM0\ARM_GCC_541\Debug\Test1P.a(cyCapsense_Filter.o)
                0x00000c80                cyCapsense_FtRunEnabledFiltersInternal
 .text.cyCapsense_FtIIR1stOrder
                0x00000c88       0x14 .\CortexM0\ARM_GCC_541\Debug\Test1P.a(cyCapsense_Filter.o)
                0x00000c88                cyCapsense_FtIIR1stOrder
 .text.cyCapsense_FtUpdateBaseline
                0x00000c9c       0xa0 .\CortexM0\ARM_GCC_541\Debug\Test1P.a(cyCapsense_Filter.o)
                0x00000c9c                cyCapsense_FtUpdateBaseline
 .text.cyCapsense_SsTrimIdacsSourcing
                0x00000d3c       0x20 .\CortexM0\ARM_GCC_541\Debug\Test1P.a(cyCapsense_Sensing.o)
 .text.cyCapsense_SsTrimIdacs
                0x00000d5c        0x8 .\CortexM0\ARM_GCC_541\Debug\Test1P.a(cyCapsense_Sensing.o)
 .text.cyCapsense_SsSetWidgetSenseClkSrc
                0x00000d64        0x8 .\CortexM0\ARM_GCC_541\Debug\Test1P.a(cyCapsense_Sensing.o)
 .text.cyCapsense_SsCSDDisableMode
                0x00000d6c       0x1c .\CortexM0\ARM_GCC_541\Debug\Test1P.a(cyCapsense_Sensing.o)
 .text.cyCapsense_IsBusy
                0x00000d88       0x10 .\CortexM0\ARM_GCC_541\Debug\Test1P.a(cyCapsense_Sensing.o)
                0x00000d88                cyCapsense_IsBusy
 .text.cyCapsense_SetupWidget
                0x00000d98       0x40 .\CortexM0\ARM_GCC_541\Debug\Test1P.a(cyCapsense_Sensing.o)
                0x00000d98                cyCapsense_SetupWidget
 .text.cyCapsense_Scan
                0x00000dd8       0x2c .\CortexM0\ARM_GCC_541\Debug\Test1P.a(cyCapsense_Sensing.o)
                0x00000dd8                cyCapsense_Scan
 .text.cyCapsense_ScanAllWidgets
                0x00000e04       0x48 .\CortexM0\ARM_GCC_541\Debug\Test1P.a(cyCapsense_Sensing.o)
                0x00000e04                cyCapsense_ScanAllWidgets
 .text.cyCapsense_SsSwitchSensingMode
                0x00000e4c       0x3c .\CortexM0\ARM_GCC_541\Debug\Test1P.a(cyCapsense_Sensing.o)
                0x00000e4c                cyCapsense_SsSwitchSensingMode
 .text.cyCapsense_SsSetIOsInDefaultState
                0x00000e88       0x40 .\CortexM0\ARM_GCC_541\Debug\Test1P.a(cyCapsense_Sensing.o)
                0x00000e88                cyCapsense_SsSetIOsInDefaultState
 .text.cyCapsense_SsPostAllWidgetsScan
                0x00000ec8       0x78 .\CortexM0\ARM_GCC_541\Debug\Test1P.a(cyCapsense_Sensing.o)
                0x00000ec8                cyCapsense_SsPostAllWidgetsScan
 .text.cyCapsense_SsSetModClkClockDivider
                0x00000f40       0x30 .\CortexM0\ARM_GCC_541\Debug\Test1P.a(cyCapsense_Sensing.o)
                0x00000f40                cyCapsense_SsSetModClkClockDivider
 .text.cyCapsense_SsSetSnsClockDivider
                0x00000f70       0x30 .\CortexM0\ARM_GCC_541\Debug\Test1P.a(cyCapsense_Sensing.o)
                0x00000f70                cyCapsense_SsSetSnsClockDivider
 .text.cyCapsense_SsAutoTune
                0x00000fa0      0x134 .\CortexM0\ARM_GCC_541\Debug\Test1P.a(cyCapsense_Sensing.o)
                0x00000fa0                cyCapsense_SsAutoTune
 .text.cyCapsense_SsInitializeSourceSenseClk
                0x000010d4       0x20 .\CortexM0\ARM_GCC_541\Debug\Test1P.a(cyCapsense_Sensing.o)
                0x000010d4                cyCapsense_SsInitializeSourceSenseClk
 .text.cyCapsense_SsInitialize
                0x000010f4       0x18 .\CortexM0\ARM_GCC_541\Debug\Test1P.a(cyCapsense_Sensing.o)
                0x000010f4                cyCapsense_SsInitialize
 .text.cyCapsense_SsClearCSDSensors
                0x0000110c       0x38 .\CortexM0\ARM_GCC_541\Debug\Test1P.a(cyCapsense_Sensing.o)
                0x0000110c                cyCapsense_SsClearCSDSensors
 .text.cyCapsense_SsCSDConfigIDACs
                0x00001144       0x1c .\CortexM0\ARM_GCC_541\Debug\Test1P.a(cyCapsense_SensingCSD_LL.o)
 .text.cyCapsense_SsCSDCalibrateCheck
                0x00001160       0x44 .\CortexM0\ARM_GCC_541\Debug\Test1P.a(cyCapsense_SensingCSD_LL.o)
 .text.cyCapsense_SsCSDSetModeSnsClockDivider
                0x000011a4       0x1c .\CortexM0\ARM_GCC_541\Debug\Test1P.a(cyCapsense_SensingCSD_LL.o)
 .text.cyCapsense_SsCSDInitialize
                0x000011c0       0x3c .\CortexM0\ARM_GCC_541\Debug\Test1P.a(cyCapsense_SensingCSD_LL.o)
                0x000011c0                cyCapsense_SsCSDInitialize
 .text.cyCapsense_SsCSDSetUpIdacs
                0x000011fc       0x2c .\CortexM0\ARM_GCC_541\Debug\Test1P.a(cyCapsense_SensingCSD_LL.o)
                0x000011fc                cyCapsense_SsCSDSetUpIdacs
 .text.cyCapsense_SsCSDConfigClock
                0x00001228       0x30 .\CortexM0\ARM_GCC_541\Debug\Test1P.a(cyCapsense_SensingCSD_LL.o)
                0x00001228                cyCapsense_SsCSDConfigClock
 .text.cyCapsense_SsCSDCalculateScanDuration
                0x00001258       0x14 .\CortexM0\ARM_GCC_541\Debug\Test1P.a(cyCapsense_SensingCSD_LL.o)
                0x00001258                cyCapsense_SsCSDCalculateScanDuration
 .text.cyCapsense_SsCSDStartSample
                0x0000126c       0xb8 .\CortexM0\ARM_GCC_541\Debug\Test1P.a(cyCapsense_SensingCSD_LL.o)
                0x0000126c                cyCapsense_SsCSDStartSample
 .text.cyCapsense_CSDScanExt
                0x00001324       0x1c .\CortexM0\ARM_GCC_541\Debug\Test1P.a(cyCapsense_SensingCSD_LL.o)
                0x00001324                cyCapsense_CSDScanExt
 .text.cyCapsense_CSDConnectSns
                0x00001340       0x34 .\CortexM0\ARM_GCC_541\Debug\Test1P.a(cyCapsense_SensingCSD_LL.o)
                0x00001340                cyCapsense_CSDConnectSns
 .text.cyCapsense_CSDScan
                0x00001374       0x70 .\CortexM0\ARM_GCC_541\Debug\Test1P.a(cyCapsense_SensingCSD_LL.o)
                0x00001374                cyCapsense_CSDScan
 .text.cyCapsense_SsCSDConnectSensorExt
                0x000013e4       0x24 .\CortexM0\ARM_GCC_541\Debug\Test1P.a(cyCapsense_SensingCSD_LL.o)
                0x000013e4                cyCapsense_SsCSDConnectSensorExt
 .text.cyCapsense_CSDDisconnectSns
                0x00001408       0x40 .\CortexM0\ARM_GCC_541\Debug\Test1P.a(cyCapsense_SensingCSD_LL.o)
                0x00001408                cyCapsense_CSDDisconnectSns
 .text.cyCapsense_SsCSDElectrodeCheck
                0x00001448       0x24 .\CortexM0\ARM_GCC_541\Debug\Test1P.a(cyCapsense_SensingCSD_LL.o)
                0x00001448                cyCapsense_SsCSDElectrodeCheck
 .text.cyCapsense_CSDSetupWidget
                0x0000146c       0x54 .\CortexM0\ARM_GCC_541\Debug\Test1P.a(cyCapsense_SensingCSD_LL.o)
                0x0000146c                cyCapsense_CSDSetupWidget
 .text.cyCapsense_CSDSetupWidgetExt
                0x000014c0       0x6c .\CortexM0\ARM_GCC_541\Debug\Test1P.a(cyCapsense_SensingCSD_LL.o)
                0x000014c0                cyCapsense_CSDSetupWidgetExt
 .text.cyCapsense_SsCSDCalibrateOneSensor
                0x0000152c       0xdc .\CortexM0\ARM_GCC_541\Debug\Test1P.a(cyCapsense_SensingCSD_LL.o)
 .text.cyCapsense_CSDCalibrateWidget
                0x00001608       0x94 .\CortexM0\ARM_GCC_541\Debug\Test1P.a(cyCapsense_SensingCSD_LL.o)
                0x00001608                cyCapsense_CSDCalibrateWidget
 .text.cyLed_p43_Write
                0x0000169c       0x18 .\CortexM0\ARM_GCC_541\Debug\Test1P.a(cyLed_p43.o)
                0x0000169c                cyLed_p43_Write
 .text.cyLed_p43_Read
                0x000016b4       0x10 .\CortexM0\ARM_GCC_541\Debug\Test1P.a(cyLed_p43.o)
                0x000016b4                cyLed_p43_Read
 .text.cyLed_p44_Write
                0x000016c4       0x18 .\CortexM0\ARM_GCC_541\Debug\Test1P.a(cyLed_p44.o)
                0x000016c4                cyLed_p44_Write
 .text.cyLed_p44_Read
                0x000016dc       0x10 .\CortexM0\ARM_GCC_541\Debug\Test1P.a(cyLed_p44.o)
                0x000016dc                cyLed_p44_Read
 .text.cyLed_p45_Write
                0x000016ec       0x18 .\CortexM0\ARM_GCC_541\Debug\Test1P.a(cyLed_p45.o)
                0x000016ec                cyLed_p45_Write
 .text.cyLed_p45_Read
                0x00001704       0x10 .\CortexM0\ARM_GCC_541\Debug\Test1P.a(cyLed_p45.o)
                0x00001704                cyLed_p45_Read
 .text.cyBuzzerPWM_Stop
                0x00001714       0x1c .\CortexM0\ARM_GCC_541\Debug\Test1P.a(cyBuzzerPWM.o)
                0x00001714                cyBuzzerPWM_Stop
 .text.cyBuzzerPWM_WriteCounter
                0x00001730       0x10 .\CortexM0\ARM_GCC_541\Debug\Test1P.a(cyBuzzerPWM.o)
                0x00001730                cyBuzzerPWM_WriteCounter
 .text.cyBuzzerPWM_WritePeriod
                0x00001740       0x10 .\CortexM0\ARM_GCC_541\Debug\Test1P.a(cyBuzzerPWM.o)
                0x00001740                cyBuzzerPWM_WritePeriod
 .text.cyBuzzerPWM_WriteCompare
                0x00001750       0x10 .\CortexM0\ARM_GCC_541\Debug\Test1P.a(cyBuzzerPWM.o)
                0x00001750                cyBuzzerPWM_WriteCompare
 .text.cyBuzzerPWM_TriggerCommand
                0x00001760       0x1c .\CortexM0\ARM_GCC_541\Debug\Test1P.a(cyBuzzerPWM.o)
                0x00001760                cyBuzzerPWM_TriggerCommand
 .text.cyBuzzerPWM_Enable
                0x0000177c       0x24 .\CortexM0\ARM_GCC_541\Debug\Test1P.a(cyBuzzerPWM.o)
                0x0000177c                cyBuzzerPWM_Enable
 .text.cyBuzzerPWM_SetInterruptMode
                0x000017a0        0xc .\CortexM0\ARM_GCC_541\Debug\Test1P.a(cyBuzzerPWM.o)
                0x000017a0                cyBuzzerPWM_SetInterruptMode
 .text.cyBuzzerPWM_Init
                0x000017ac       0x4c .\CortexM0\ARM_GCC_541\Debug\Test1P.a(cyBuzzerPWM.o)
                0x000017ac                cyBuzzerPWM_Init
 .text.cyBuzzerPWM_Start
                0x000017f8       0x20 .\CortexM0\ARM_GCC_541\Debug\Test1P.a(cyBuzzerPWM.o)
                0x000017f8                cyBuzzerPWM_Start
 .text.cySegA_p20_Write
                0x00001818       0x18 .\CortexM0\ARM_GCC_541\Debug\Test1P.a(cySegA_p20.o)
                0x00001818                cySegA_p20_Write
 .text.cySegA_p20_Read
                0x00001830       0x10 .\CortexM0\ARM_GCC_541\Debug\Test1P.a(cySegA_p20.o)
                0x00001830                cySegA_p20_Read
 .text.cySegB_p21_Write
                0x00001840       0x18 .\CortexM0\ARM_GCC_541\Debug\Test1P.a(cySegB_p21.o)
                0x00001840                cySegB_p21_Write
 .text.cySegB_p21_Read
                0x00001858       0x10 .\CortexM0\ARM_GCC_541\Debug\Test1P.a(cySegB_p21.o)
                0x00001858                cySegB_p21_Read
 .text.cySegC_p22_Write
                0x00001868       0x18 .\CortexM0\ARM_GCC_541\Debug\Test1P.a(cySegC_p22.o)
                0x00001868                cySegC_p22_Write
 .text.cySegC_p22_Read
                0x00001880       0x10 .\CortexM0\ARM_GCC_541\Debug\Test1P.a(cySegC_p22.o)
                0x00001880                cySegC_p22_Read
 .text.cySegD_p23_Write
                0x00001890       0x18 .\CortexM0\ARM_GCC_541\Debug\Test1P.a(cySegD_p23.o)
                0x00001890                cySegD_p23_Write
 .text.cySegD_p23_Read
                0x000018a8       0x10 .\CortexM0\ARM_GCC_541\Debug\Test1P.a(cySegD_p23.o)
                0x000018a8                cySegD_p23_Read
 .text.cySegE_p24_Write
                0x000018b8       0x18 .\CortexM0\ARM_GCC_541\Debug\Test1P.a(cySegE_p24.o)
                0x000018b8                cySegE_p24_Write
 .text.cySegE_p24_Read
                0x000018d0       0x10 .\CortexM0\ARM_GCC_541\Debug\Test1P.a(cySegE_p24.o)
                0x000018d0                cySegE_p24_Read
 .text.cySegF_p25_Write
                0x000018e0       0x18 .\CortexM0\ARM_GCC_541\Debug\Test1P.a(cySegF_p25.o)
                0x000018e0                cySegF_p25_Write
 .text.cySegF_p25_Read
                0x000018f8       0x10 .\CortexM0\ARM_GCC_541\Debug\Test1P.a(cySegF_p25.o)
                0x000018f8                cySegF_p25_Read
 .text.cySegG_p26_Write
                0x00001908       0x18 .\CortexM0\ARM_GCC_541\Debug\Test1P.a(cySegG_p26.o)
                0x00001908                cySegG_p26_Write
 .text.cySegG_p26_Read
                0x00001920       0x10 .\CortexM0\ARM_GCC_541\Debug\Test1P.a(cySegG_p26.o)
                0x00001920                cySegG_p26_Read
 .text.cyDigit1_p34_Write
                0x00001930       0x18 .\CortexM0\ARM_GCC_541\Debug\Test1P.a(cyDigit1_p34.o)
                0x00001930                cyDigit1_p34_Write
 .text.cyDigit1_p34_Read
                0x00001948       0x10 .\CortexM0\ARM_GCC_541\Debug\Test1P.a(cyDigit1_p34.o)
                0x00001948                cyDigit1_p34_Read
 .text.cyDigit2_p35_Write
                0x00001958       0x18 .\CortexM0\ARM_GCC_541\Debug\Test1P.a(cyDigit2_p35.o)
                0x00001958                cyDigit2_p35_Write
 .text.cyDigit2_p35_Read
                0x00001970       0x10 .\CortexM0\ARM_GCC_541\Debug\Test1P.a(cyDigit2_p35.o)
                0x00001970                cyDigit2_p35_Read
 .text.cyCol1_p03_Write
                0x00001980       0x18 .\CortexM0\ARM_GCC_541\Debug\Test1P.a(cyCol1_p03.o)
                0x00001980                cyCol1_p03_Write
 .text.cyCol1_p03_Read
                0x00001998       0x10 .\CortexM0\ARM_GCC_541\Debug\Test1P.a(cyCol1_p03.o)
                0x00001998                cyCol1_p03_Read
 .text.cyCol2_p02_Write
                0x000019a8       0x18 .\CortexM0\ARM_GCC_541\Debug\Test1P.a(cyCol2_p02.o)
                0x000019a8                cyCol2_p02_Write
 .text.cyCol2_p02_Read
                0x000019c0       0x10 .\CortexM0\ARM_GCC_541\Debug\Test1P.a(cyCol2_p02.o)
                0x000019c0                cyCol2_p02_Read
 .text.cyCol3_p01_Write
                0x000019d0       0x18 .\CortexM0\ARM_GCC_541\Debug\Test1P.a(cyCol3_p01.o)
                0x000019d0                cyCol3_p01_Write
 .text.cyCol3_p01_Read
                0x000019e8       0x10 .\CortexM0\ARM_GCC_541\Debug\Test1P.a(cyCol3_p01.o)
                0x000019e8                cyCol3_p01_Read
 .text.cyCol4_p00_Write
                0x000019f8       0x18 .\CortexM0\ARM_GCC_541\Debug\Test1P.a(cyCol4_p00.o)
                0x000019f8                cyCol4_p00_Write
 .text.cyCol4_p00_Read
                0x00001a10       0x10 .\CortexM0\ARM_GCC_541\Debug\Test1P.a(cyCol4_p00.o)
                0x00001a10                cyCol4_p00_Read
 .text.cyCapsense_ISR_SetVector
                0x00001a20        0xc .\CortexM0\ARM_GCC_541\Debug\Test1P.a(cyCapsense_ISR.o)
                0x00001a20                cyCapsense_ISR_SetVector
 .text.cyCapsense_ISR_SetPriority
                0x00001a2c       0x24 .\CortexM0\ARM_GCC_541\Debug\Test1P.a(cyCapsense_ISR.o)
                0x00001a2c                cyCapsense_ISR_SetPriority
 .text.cyCapsense_ISR_Enable
                0x00001a50       0x10 .\CortexM0\ARM_GCC_541\Debug\Test1P.a(cyCapsense_ISR.o)
                0x00001a50                cyCapsense_ISR_Enable
 .text.cyCapsense_ISR_Disable
                0x00001a60       0x10 .\CortexM0\ARM_GCC_541\Debug\Test1P.a(cyCapsense_ISR.o)
                0x00001a60                cyCapsense_ISR_Disable
 .text.cyCapsense_ISR_StartEx
                0x00001a70       0x1c .\CortexM0\ARM_GCC_541\Debug\Test1P.a(cyCapsense_ISR.o)
                0x00001a70                cyCapsense_ISR_StartEx
 .text.CySysClkImoDisableWcoLock
                0x00001a8c       0x54 .\CortexM0\ARM_GCC_541\Debug\Test1P.a(CyLib.o)
                0x00001a8c                CySysClkImoDisableWcoLock
 .text.CySysClkImoGetWcoLock
                0x00001ae0       0x14 .\CortexM0\ARM_GCC_541\Debug\Test1P.a(CyLib.o)
                0x00001ae0                CySysClkImoGetWcoLock
 .text.CySysClkImoEnableUsbLock
                0x00001af4       0xf4 .\CortexM0\ARM_GCC_541\Debug\Test1P.a(CyLib.o)
                0x00001af4                CySysClkImoEnableUsbLock
 .text.CySysClkImoDisableUsbLock
                0x00001be8       0x90 .\CortexM0\ARM_GCC_541\Debug\Test1P.a(CyLib.o)
                0x00001be8                CySysClkImoDisableUsbLock
 .text.CySysClkImoGetUsbLock
                0x00001c78       0x14 .\CortexM0\ARM_GCC_541\Debug\Test1P.a(CyLib.o)
                0x00001c78                CySysClkImoGetUsbLock
 .text.CyIntEnable
                0x00001c8c       0x14 .\CortexM0\ARM_GCC_541\Debug\Test1P.a(CyLib.o)
                0x00001c8c                CyIntEnable
 .text.CyHalt   0x00001ca0        0x4 .\CortexM0\ARM_GCC_541\Debug\Test1P.a(CyLib.o)
                0x00001ca0                CyHalt
 .text.CyIntSetSysVector
                0x00001ca4       0x20 .\CortexM0\ARM_GCC_541\Debug\Test1P.a(CyLib.o)
                0x00001ca4                CyIntSetSysVector
 .text.CyIntSetVector
                0x00001cc4       0x24 .\CortexM0\ARM_GCC_541\Debug\Test1P.a(CyLib.o)
                0x00001cc4                CyIntSetVector
 .text.CyDelay  0x00001ce8       0x30 .\CortexM0\ARM_GCC_541\Debug\Test1P.a(CyLib.o)
                0x00001ce8                CyDelay
 .text.CySysClkImoEnableWcoLock
                0x00001d18      0x104 .\CortexM0\ARM_GCC_541\Debug\Test1P.a(CyLib.o)
                0x00001d18                CySysClkImoEnableWcoLock
 .text.CyDelayUs
                0x00001e1c       0x14 .\CortexM0\ARM_GCC_541\Debug\Test1P.a(CyLib.o)
                0x00001e1c                CyDelayUs
 .text.CySysClkWriteImoFreq
                0x00001e30      0x1bc .\CortexM0\ARM_GCC_541\Debug\Test1P.a(CyLib.o)
                0x00001e30                CySysClkWriteImoFreq
 .text.CySysTickEnableInterrupt
                0x00001fec       0x10 .\CortexM0\ARM_GCC_541\Debug\Test1P.a(CyLib.o)
                0x00001fec                CySysTickEnableInterrupt
 .text.CySysTickEnable
                0x00001ffc       0x18 .\CortexM0\ARM_GCC_541\Debug\Test1P.a(CyLib.o)
                0x00001ffc                CySysTickEnable
 .text.CySysTickDisableInterrupt
                0x00002014       0x10 .\CortexM0\ARM_GCC_541\Debug\Test1P.a(CyLib.o)
                0x00002014                CySysTickDisableInterrupt
 .text.CySysTickSetReload
                0x00002024       0x10 .\CortexM0\ARM_GCC_541\Debug\Test1P.a(CyLib.o)
                0x00002024                CySysTickSetReload
 .text.CySysTickSetClockSource
                0x00002034       0x20 .\CortexM0\ARM_GCC_541\Debug\Test1P.a(CyLib.o)
                0x00002034                CySysTickSetClockSource
 .text.CySysTickGetCountFlag
                0x00002054       0x10 .\CortexM0\ARM_GCC_541\Debug\Test1P.a(CyLib.o)
                0x00002054                CySysTickGetCountFlag
 .text.CySysTickServiceCallbacks
                0x00002064       0x2c .\CortexM0\ARM_GCC_541\Debug\Test1P.a(CyLib.o)
 .text.CySysTickClear
                0x00002090        0xc .\CortexM0\ARM_GCC_541\Debug\Test1P.a(CyLib.o)
                0x00002090                CySysTickClear
 .text.CySysTickInit
                0x0000209c       0x48 .\CortexM0\ARM_GCC_541\Debug\Test1P.a(CyLib.o)
                0x0000209c                CySysTickInit
 .text.CySysTickStart
                0x000020e4       0x20 .\CortexM0\ARM_GCC_541\Debug\Test1P.a(CyLib.o)
                0x000020e4                CySysTickStart
 .text.CySysTickSetCallback
                0x00002104       0x10 .\CortexM0\ARM_GCC_541\Debug\Test1P.a(CyLib.o)
                0x00002104                CySysTickSetCallback
 .text.CySysWdtLocked
                0x00002114       0x14 .\CortexM0\ARM_GCC_541\Debug\Test1P.a(CyLFClk.o)
 .text.CySysClkWcoEnabled
                0x00002128       0x14 .\CortexM0\ARM_GCC_541\Debug\Test1P.a(CyLFClk.o)
                0x00002128                CySysClkWcoEnabled
 .text.CySysWdtLock
                0x0000213c       0x1c .\CortexM0\ARM_GCC_541\Debug\Test1P.a(CyLFClk.o)
                0x0000213c                CySysWdtLock
 .text.CySysWdtUnlock
                0x00002158       0x30 .\CortexM0\ARM_GCC_541\Debug\Test1P.a(CyLFClk.o)
                0x00002158                CySysWdtUnlock
 .text.CySysWdtGetEnabledStatus
                0x00002188       0x24 .\CortexM0\ARM_GCC_541\Debug\Test1P.a(CyLFClk.o)
                0x00002188                CySysWdtGetEnabledStatus
 .text.CySysWdtEnable
                0x000021ac       0x3c .\CortexM0\ARM_GCC_541\Debug\Test1P.a(CyLFClk.o)
                0x000021ac                CySysWdtEnable
 .text.CySysWdtDisable
                0x000021e8       0x44 .\CortexM0\ARM_GCC_541\Debug\Test1P.a(CyLFClk.o)
                0x000021e8                CySysWdtDisable
 .text.CySysWdtClearInterrupt
                0x0000222c       0x4c .\CortexM0\ARM_GCC_541\Debug\Test1P.a(CyLFClk.o)
                0x0000222c                CySysWdtClearInterrupt
 .text.CySysWdtResetCounters
                0x00002278       0x20 .\CortexM0\ARM_GCC_541\Debug\Test1P.a(CyLFClk.o)
                0x00002278                CySysWdtResetCounters
 .text.CySysWdtIsr
                0x00002298       0xa4 .\CortexM0\ARM_GCC_541\Debug\Test1P.a(CyLFClk.o)
                0x00002298                CySysWdtIsr
 *fill*         0x0000233c        0x4 
 .text          0x00002340       0x20 .\CortexM0\ARM_GCC_541\Debug\Test1P.a(CyBootAsmGnu.o)
                0x00002340                CyDelayCycles
                0x00002352                CyEnterCriticalSection
                0x0000235a                CyExitCriticalSection
 .text.cyCapsense_SsCSDPostScan
                0x00002360       0x20 .\CortexM0\ARM_GCC_541\Debug\Test1P.a(cyCapsense_INT.o)
 .text.cyCapsense_SsCSDInitNextScan
                0x00002380       0xa0 .\CortexM0\ARM_GCC_541\Debug\Test1P.a(cyCapsense_INT.o)
 .text.cyCapsense_CSDPostSingleScan
                0x00002420       0x44 .\CortexM0\ARM_GCC_541\Debug\Test1P.a(cyCapsense_INT.o)
                0x00002420                cyCapsense_CSDPostSingleScan
 .text.cyCapsense_CSDPostMultiScan
                0x00002464       0x58 .\CortexM0\ARM_GCC_541\Debug\Test1P.a(cyCapsense_INT.o)
                0x00002464                cyCapsense_CSDPostMultiScan
 .text.CySysFlashSetWaitCycles
                0x000024bc       0x54 .\CortexM0\ARM_GCC_541\Debug\Test1P.a(CyFlash.o)
                0x000024bc                CySysFlashSetWaitCycles
 .text.SsGetSensorCp
                0x00002510       0x60 C:\Program Files (x86)\Cypress\PSoC Creator\4.4\PSoC Creator\psoc\content\CyComponentLibrary\CyComponentLibrary.cylib\CapSense_P4_v6_0\PSoC4\Library\Capsense_P4Library_GCC.a(CapSense_SmartSense_LL.o)
 .text.SmartSense_TunePrescalers
                0x00002570       0x74 C:\Program Files (x86)\Cypress\PSoC Creator\4.4\PSoC Creator\psoc\content\CyComponentLibrary\CyComponentLibrary.cylib\CapSense_P4_v6_0\PSoC4\Library\Capsense_P4Library_GCC.a(CapSense_SmartSense_LL.o)
                0x00002570                SmartSense_TunePrescalers
 .text.SmartSense_TuneSensitivity
                0x000025e4       0xec C:\Program Files (x86)\Cypress\PSoC Creator\4.4\PSoC Creator\psoc\content\CyComponentLibrary\CyComponentLibrary.cylib\CapSense_P4_v6_0\PSoC4\Library\Capsense_P4Library_GCC.a(CapSense_SmartSense_LL.o)
                0x000025e4                SmartSense_TuneSensitivity
 .text.SmartSense_UpdateThresholds
                0x000026d0       0xf0 C:\Program Files (x86)\Cypress\PSoC Creator\4.4\PSoC Creator\psoc\content\CyComponentLibrary\CyComponentLibrary.cylib\CapSense_P4_v6_0\PSoC4\Library\Capsense_P4Library_GCC.a(CapSense_SmartSense_SL.o)
                0x000026d0                SmartSense_UpdateThresholds
 .text.SmartSense_InitializeNoiseEnvelope
                0x000027c0       0x58 C:\Program Files (x86)\Cypress\PSoC Creator\4.4\PSoC Creator\psoc\content\CyComponentLibrary\CyComponentLibrary.cylib\CapSense_P4_v6_0\PSoC4\Library\Capsense_P4Library_GCC.a(CapSense_SmartSense_SL.o)
                0x000027c0                SmartSense_InitializeNoiseEnvelope
 .text.SmartSense_RunNoiseEnvelope
                0x00002818      0x154 C:\Program Files (x86)\Cypress\PSoC Creator\4.4\PSoC Creator\psoc\content\CyComponentLibrary\CyComponentLibrary.cylib\CapSense_P4_v6_0\PSoC4\Library\Capsense_P4Library_GCC.a(CapSense_SmartSense_SL.o)
                0x00002818                SmartSense_RunNoiseEnvelope
 .text.unlikely.coreSysReset
                0x0000296c       0x2c .\RCOS\Platforms\Cypress\psoc4\lib_psoc4_C_2.0.1_L.0.1.6_release.a(core.o)
 .text.eventPostRaw
                0x00002998      0x100 .\RCOS\Platforms\Cypress\psoc4\lib_psoc4_C_2.0.1_L.0.1.6_release.a(core.o)
 .text.timerCallBackStart
                0x00002a98       0x30 .\RCOS\Platforms\Cypress\psoc4\lib_psoc4_C_2.0.1_L.0.1.6_release.a(core.o)
                0x00002a98                timerCallBackStart
 .text.timerCallBackStop
                0x00002ac8       0x24 .\RCOS\Platforms\Cypress\psoc4\lib_psoc4_C_2.0.1_L.0.1.6_release.a(core.o)
                0x00002ac8                timerCallBackStop
 .text.timerEventStart
                0x00002aec       0x30 .\RCOS\Platforms\Cypress\psoc4\lib_psoc4_C_2.0.1_L.0.1.6_release.a(core.o)
                0x00002aec                timerEventStart
 .text.rcosTickIsr
                0x00002b1c       0xc8 .\RCOS\Platforms\Cypress\psoc4\lib_psoc4_C_2.0.1_L.0.1.6_release.a(core.o)
                0x00002b1c                rcosTickIsr
 .text.processStart
                0x00002be4       0x48 .\RCOS\Platforms\Cypress\psoc4\lib_psoc4_C_2.0.1_L.0.1.6_release.a(core.o)
                0x00002be4                processStart
 .text.threadStart
                0x00002c2c       0x48 .\RCOS\Platforms\Cypress\psoc4\lib_psoc4_C_2.0.1_L.0.1.6_release.a(core.o)
                0x00002c2c                threadStart
 .text.threadStop
                0x00002c74       0x18 .\RCOS\Platforms\Cypress\psoc4\lib_psoc4_C_2.0.1_L.0.1.6_release.a(core.o)
                0x00002c74                threadStop
 .text.eventPost
                0x00002c8c       0x34 .\RCOS\Platforms\Cypress\psoc4\lib_psoc4_C_2.0.1_L.0.1.6_release.a(core.o)
                0x00002c8c                eventPost
 .text.coreInit
                0x00002cc0       0x3c .\RCOS\Platforms\Cypress\psoc4\lib_psoc4_C_2.0.1_L.0.1.6_release.a(core.o)
                0x00002cc0                coreInit
 .text.coreRun  0x00002cfc      0x148 .\RCOS\Platforms\Cypress\psoc4\lib_psoc4_C_2.0.1_L.0.1.6_release.a(core.o)
                0x00002cfc                coreRun
 .text.dequeRead.isra.0
                0x00002e44       0x38 .\RCOS\Platforms\Cypress\psoc4\lib_psoc4_C_2.0.1_L.0.1.6_release.a(deque.o)
 .text.dequeWrite.isra.1
                0x00002e7c       0x38 .\RCOS\Platforms\Cypress\psoc4\lib_psoc4_C_2.0.1_L.0.1.6_release.a(deque.o)
 .text.dequeFlush
                0x00002eb4        0xc .\RCOS\Platforms\Cypress\psoc4\lib_psoc4_C_2.0.1_L.0.1.6_release.a(deque.o)
                0x00002eb4                dequeFlush
 .text.dequePopFront
                0x00002ec0       0x40 .\RCOS\Platforms\Cypress\psoc4\lib_psoc4_C_2.0.1_L.0.1.6_release.a(deque.o)
                0x00002ec0                dequePopFront
 .text.dequePushBack
                0x00002f00       0x40 .\RCOS\Platforms\Cypress\psoc4\lib_psoc4_C_2.0.1_L.0.1.6_release.a(deque.o)
                0x00002f00                dequePushBack
 .text.dequePushFront
                0x00002f40       0x48 .\RCOS\Platforms\Cypress\psoc4\lib_psoc4_C_2.0.1_L.0.1.6_release.a(deque.o)
                0x00002f40                dequePushFront
 .text.ldlInsertHead
                0x00002f88       0x54 .\RCOS\Platforms\Cypress\psoc4\lib_psoc4_C_2.0.1_L.0.1.6_release.a(list_dl.o)
                0x00002f88                ldlInsertHead
 .text.ldlInsertTail
                0x00002fdc       0x4c .\RCOS\Platforms\Cypress\psoc4\lib_psoc4_C_2.0.1_L.0.1.6_release.a(list_dl.o)
                0x00002fdc                ldlInsertTail
 .text.ldlDelete
                0x00003028       0x3c .\RCOS\Platforms\Cypress\psoc4\lib_psoc4_C_2.0.1_L.0.1.6_release.a(list_dl.o)
                0x00003028                ldlDelete
 .text.addVersionItem.part.0
                0x00003064       0x20 .\RCOS\Platforms\Cypress\psoc4\lib_psoc4_C_2.0.1_L.0.1.6_release.a(version.o)
 .text.addVersionItem
                0x00003084       0x10 .\RCOS\Platforms\Cypress\psoc4\lib_psoc4_C_2.0.1_L.0.1.6_release.a(version.o)
                0x00003084                addVersionItem
 .text.buttonsHandler
                0x00003094        0x4 .\RCOS\Platforms\Cypress\psoc4\lib_psoc4_C_2.0.1_L.0.1.6_release.a(buttons.o)
                0x00003094                buttonsHandler
 .text.buttonsThread
                0x00003098       0xf0 .\RCOS\Platforms\Cypress\psoc4\lib_psoc4_C_2.0.1_L.0.1.6_release.a(buttons.o)
                0x00003098                buttonsThread
 .text.buttonsInit
                0x00003188       0x48 .\RCOS\Platforms\Cypress\psoc4\lib_psoc4_C_2.0.1_L.0.1.6_release.a(buttons.o)
                0x00003188                buttonsInit
 .text.buttonsDeinit
                0x000031d0       0x1c .\RCOS\Platforms\Cypress\psoc4\lib_psoc4_C_2.0.1_L.0.1.6_release.a(buttons.o)
                0x000031d0                buttonsDeinit
 .text.capsenseGet
                0x000031ec       0x34 .\RCOS\Platforms\Cypress\psoc4\lib_psoc4_C_2.0.1_L.0.1.6_release.a(capsense.o)
 .text.capsenseDeinit
                0x00003220       0x1c .\RCOS\Platforms\Cypress\psoc4\lib_psoc4_C_2.0.1_L.0.1.6_release.a(capsense.o)
 .text.capsenseInit
                0x0000323c       0x34 .\RCOS\Platforms\Cypress\psoc4\lib_psoc4_C_2.0.1_L.0.1.6_release.a(capsense.o)
 .text.capsenseIsr
                0x00003270       0x18 .\RCOS\Platforms\Cypress\psoc4\lib_psoc4_C_2.0.1_L.0.1.6_release.a(capsense.o)
                0x00003270                capsenseIsr
 .text.gpioDeinit
                0x00003288        0xc .\RCOS\Platforms\Cypress\psoc4\lib_psoc4_C_2.0.1_L.0.1.6_release.a(gpio.o)
 .text.gpioGet  0x00003294       0x18 .\RCOS\Platforms\Cypress\psoc4\lib_psoc4_C_2.0.1_L.0.1.6_release.a(gpio.o)
 .text.gpioPut  0x000032ac       0x18 .\RCOS\Platforms\Cypress\psoc4\lib_psoc4_C_2.0.1_L.0.1.6_release.a(gpio.o)
 .text.gpioInit
                0x000032c4       0x20 .\RCOS\Platforms\Cypress\psoc4\lib_psoc4_C_2.0.1_L.0.1.6_release.a(gpio.o)
 .text.pwmCoreDeinit
                0x000032e4       0x14 .\RCOS\Platforms\Cypress\psoc4\lib_psoc4_C_2.0.1_L.0.1.6_release.a(pwm.o)
 .text.pwmDutyGet
                0x000032f8        0x8 .\RCOS\Platforms\Cypress\psoc4\lib_psoc4_C_2.0.1_L.0.1.6_release.a(pwm.o)
 .text.pwmFreqGet
                0x00003300        0x8 .\RCOS\Platforms\Cypress\psoc4\lib_psoc4_C_2.0.1_L.0.1.6_release.a(pwm.o)
 .text.pwmCoreInit
                0x00003308       0x20 .\RCOS\Platforms\Cypress\psoc4\lib_psoc4_C_2.0.1_L.0.1.6_release.a(pwm.o)
 .text.pwmSet.isra.0
                0x00003328       0x3c .\RCOS\Platforms\Cypress\psoc4\lib_psoc4_C_2.0.1_L.0.1.6_release.a(pwm.o)
 .text.pwmDutyPut
                0x00003364       0x30 .\RCOS\Platforms\Cypress\psoc4\lib_psoc4_C_2.0.1_L.0.1.6_release.a(pwm.o)
 .text.pwmFreqPut
                0x00003394       0x24 .\RCOS\Platforms\Cypress\psoc4\lib_psoc4_C_2.0.1_L.0.1.6_release.a(pwm.o)
 .text.devIoInit
                0x000033b8       0x20 .\RCOS\Platforms\Cypress\psoc4\lib_psoc4_C_2.0.1_L.0.1.6_release.a(dev.o)
                0x000033b8                devIoInit
 .text.devIoDeinit
                0x000033d8       0x20 .\RCOS\Platforms\Cypress\psoc4\lib_psoc4_C_2.0.1_L.0.1.6_release.a(dev.o)
                0x000033d8                devIoDeinit
 .text.devIoGet
                0x000033f8       0x20 .\RCOS\Platforms\Cypress\psoc4\lib_psoc4_C_2.0.1_L.0.1.6_release.a(dev.o)
                0x000033f8                devIoGet
 .text.devIoPut
                0x00003418       0x20 .\RCOS\Platforms\Cypress\psoc4\lib_psoc4_C_2.0.1_L.0.1.6_release.a(dev.o)
                0x00003418                devIoPut
 .text.devComInit
                0x00003438       0x20 .\RCOS\Platforms\Cypress\psoc4\lib_psoc4_C_2.0.1_L.0.1.6_release.a(dev.o)
                0x00003438                devComInit
 .text.iocombGet
                0x00003458       0x38 .\RCOS\Platforms\Cypress\psoc4\lib_psoc4_C_2.0.1_L.0.1.6_release.a(iocomb.o)
 .text.iocombPut
                0x00003490       0x54 .\RCOS\Platforms\Cypress\psoc4\lib_psoc4_C_2.0.1_L.0.1.6_release.a(iocomb.o)
 .text.iocombDeinit
                0x000034e4       0x30 .\RCOS\Platforms\Cypress\psoc4\lib_psoc4_C_2.0.1_L.0.1.6_release.a(iocomb.o)
 .text.iocombInit
                0x00003514       0x44 .\RCOS\Platforms\Cypress\psoc4\lib_psoc4_C_2.0.1_L.0.1.6_release.a(iocomb.o)
 .text.patternGet
                0x00003558        0x4 .\RCOS\Platforms\Cypress\psoc4\lib_psoc4_C_2.0.1_L.0.1.6_release.a(pattern.o)
 .text.patternDeinit
                0x0000355c       0x18 .\RCOS\Platforms\Cypress\psoc4\lib_psoc4_C_2.0.1_L.0.1.6_release.a(pattern.o)
 .text.patternPut
                0x00003574       0x3c .\RCOS\Platforms\Cypress\psoc4\lib_psoc4_C_2.0.1_L.0.1.6_release.a(pattern.o)
 .text.patternInit
                0x000035b0       0x40 .\RCOS\Platforms\Cypress\psoc4\lib_psoc4_C_2.0.1_L.0.1.6_release.a(pattern.o)
 .text.patternPutHandler
                0x000035f0       0x24 .\RCOS\Platforms\Cypress\psoc4\lib_psoc4_C_2.0.1_L.0.1.6_release.a(pattern.o)
                0x000035f0                patternPutHandler
 .text.lslInsertTail
                0x00003614       0x30 .\RCOS\Platforms\Cypress\psoc4\lib_psoc4_C_2.0.1_L.0.1.6_release.a(list_sl.o)
                0x00003614                lslInsertTail
 .text.lslTailFrom
                0x00003644        0xc .\RCOS\Platforms\Cypress\psoc4\lib_psoc4_C_2.0.1_L.0.1.6_release.a(list_sl.o)
                0x00003644                lslTailFrom
 .text          0x00003650      0x114 c:/program files (x86)/cypress/psoc creator/4.4/psoc creator/import/gnu/arm/5.4.1/bin/../lib/gcc/arm-none-eabi/5.4.1/armv6-m\libgcc.a(_udivsi3.o)
                0x00003650                __aeabi_uidiv
                0x00003650                __udivsi3
                0x0000375c                __aeabi_uidivmod
 .text          0x00003764        0x4 c:/program files (x86)/cypress/psoc creator/4.4/psoc creator/import/gnu/arm/5.4.1/bin/../lib/gcc/arm-none-eabi/5.4.1/armv6-m\libgcc.a(_dvmd_tls.o)
                0x00003764                __aeabi_idiv0
                0x00003764                __aeabi_ldiv0
 .text.__errno  0x00003768        0xc c:/program files (x86)/cypress/psoc creator/4.4/psoc creator/import/gnu/arm/5.4.1/bin/../lib/gcc/arm-none-eabi/5.4.1/../../../../arm-none-eabi/lib/armv6-m\libg_nano.a(lib_a-errno.o)
                0x00003768                __errno
 .text.__libc_init_array
                0x00003774       0x4c c:/program files (x86)/cypress/psoc creator/4.4/psoc creator/import/gnu/arm/5.4.1/bin/../lib/gcc/arm-none-eabi/5.4.1/../../../../arm-none-eabi/lib/armv6-m\libg_nano.a(lib_a-init.o)
                0x00003774                __libc_init_array
 .text.memcpy   0x000037c0       0x12 c:/program files (x86)/cypress/psoc creator/4.4/psoc creator/import/gnu/arm/5.4.1/bin/../lib/gcc/arm-none-eabi/5.4.1/../../../../arm-none-eabi/lib/armv6-m\libg_nano.a(lib_a-memcpy-stub.o)
                0x000037c0                memcpy
 .text.memset   0x000037d2       0x10 c:/program files (x86)/cypress/psoc creator/4.4/psoc creator/import/gnu/arm/5.4.1/bin/../lib/gcc/arm-none-eabi/5.4.1/../../../../arm-none-eabi/lib/armv6-m\libg_nano.a(lib_a-memset.o)
                0x000037d2                memset
 *(.plt)
 *(.gnu.warning)
 *(.glue_7t)
 .glue_7t       0x000037e2        0x0 linker stubs
 *(.glue_7)
 .glue_7        0x000037e2        0x0 linker stubs
 *(.vfp11_veneer)
 .vfp11_veneer  0x000037e2        0x0 linker stubs
 *(.bootloader)
 *(.ARM.extab* .gnu.linkonce.armextab.*)
 *(.gcc_except_table)

.v4_bx          0x000037e4        0x0
 .v4_bx         0x000037e4        0x0 linker stubs

.iplt           0x000037e4        0x0
 .iplt          0x000037e4        0x0 c:/program files (x86)/cypress/psoc creator/4.4/psoc creator/import/gnu/arm/5.4.1/bin/../lib/gcc/arm-none-eabi/5.4.1/armv6-m/crtbegin.o

.eh_frame_hdr
 *(.eh_frame_hdr)

.eh_frame       0x000037e4        0x4
 *(.eh_frame)
 .eh_frame      0x000037e4        0x0 c:/program files (x86)/cypress/psoc creator/4.4/psoc creator/import/gnu/arm/5.4.1/bin/../lib/gcc/arm-none-eabi/5.4.1/armv6-m/crtbegin.o
 .eh_frame      0x000037e4        0x4 c:/program files (x86)/cypress/psoc creator/4.4/psoc creator/import/gnu/arm/5.4.1/bin/../lib/gcc/arm-none-eabi/5.4.1/armv6-m/crtend.o
                [!provide]                PROVIDE (__exidx_start, .)

.ARM.exidx
 *(.ARM.exidx* .gnu.linkonce.armexidx.*)
                0x000037e8                __exidx_end = .

.rodata         0x000037e8      0x760
 *(.rodata .rodata.* .gnu.linkonce.r.*)
 .rodata        0x000037e8        0x8 .\CortexM0\ARM_GCC_541\Debug\platform.o
 .rodata.str1.4
                0x000037f0       0x16 .\CortexM0\ARM_GCC_541\Debug\platform.o
 *fill*         0x00003806        0x2 
 .rodata        0x00003808       0xd8 .\CortexM0\ARM_GCC_541\Debug\sevensegmentdisplay.o
                0x00003808                displayMessages
                0x000038d0                devIoSevenSegmentDisplayFuncs
 .rodata        0x000038e0       0x20 .\CortexM0\ARM_GCC_541\Debug\encoder.o
                0x000038f0                devIoEncoderFuncs
 .rodata        0x00003900      0x39c .\CortexM0\ARM_GCC_541\Debug\rcos.o
                0x00003900                LedRed
                0x00003910                segA
                0x00003920                sevenSegment
                0x00003930                sevenSegmentDisplay
                0x00003940                encoder
                0x00003950                LedRedConsts
                0x0000395c                rcosWdt
                0x00003968                rcosTick
                0x00003974                processButtonConsts
                0x00003984                processButtonMap
                0x000039a4                processUiConsts
                0x000039a8                processUipatternConsts
                0x000039ac                processUipattern
                0x000039bc                encoderConsts
                0x000039cc                encCol4
                0x000039dc                encCol4Consts
                0x000039e8                encCol3
                0x000039f8                encCol3Consts
                0x00003a04                encCol2
                0x00003a14                encCol2Consts
                0x00003a20                encCol1
                0x00003a30                encCol1Consts
                0x00003a3c                sevenSegmentDisplayConsts
                0x00003a48                sevenSegmentConsts
                0x00003a50                sevenSegmentList
                0x00003aa4                digit2
                0x00003ab4                digit2Consts
                0x00003ac0                digit1
                0x00003ad0                digit1Consts
                0x00003adc                segG
                0x00003aec                segGConsts
                0x00003af8                segF
                0x00003b08                segFConsts
                0x00003b14                segE
                0x00003b24                segEConsts
                0x00003b30                segD
                0x00003b40                segDConsts
                0x00003b4c                segC
                0x00003b5c                segCConsts
                0x00003b68                segB
                0x00003b78                segBConsts
                0x00003b84                segAConsts
                0x00003b90                ledGui
                0x00003ba0                ledGuiConsts
                0x00003ba8                ledGuiList
                0x00003bcc                ledP45
                0x00003bdc                ledP45Consts
                0x00003be8                ledP44
                0x00003bf8                ledP44Consts
                0x00003c04                ledP43
                0x00003c14                ledP43Consts
                0x00003c20                buzzerDuty
                0x00003c30                buzzerDutyConsts
                0x00003c38                buzzer
                0x00003c48                buzzerConsts
                0x00003c50                pwmBuzzerCore
                0x00003c60                pwmBuzzerCoreConsts
                0x00003c70                ioCapsenseConsts
                0x00003c8c                ioCapsense
 .rodata        0x00003c9c       0x54 .\CortexM0\ARM_GCC_541\Debug\cyfitter_cfg.o
 .rodata        0x00003cf0       0xec .\CortexM0\ARM_GCC_541\Debug\Test1P.a(cyCapsense_Structure.o)
                0x00003cf0                cyCapsense_ramWidgetInit
                0x00003d28                cyCapsense_dsFlash
                0x00003d88                cyCapsense_ioList
 .rodata        0x00003ddc        0x1 .\CortexM0\ARM_GCC_541\Debug\Test1P.a(cyCapsense_Sensing.o)
                0x00003ddc                cyCapsense_scanFreqIndex
 *fill*         0x00003ddd        0x3 
 .rodata        0x00003de0       0x2e .\CortexM0\ARM_GCC_541\Debug\Test1P.a(CyLib.o)
                0x00003de0                cyImoFreqMhz2Reg
 *fill*         0x00003e0e        0x2 
 .rodata        0x00003e10        0x8 .\RCOS\Platforms\Cypress\psoc4\lib_psoc4_C_2.0.1_L.0.1.6_release.a(core.o)
 .rodata.str1.4
                0x00003e18       0x12 .\RCOS\Platforms\Cypress\psoc4\lib_psoc4_C_2.0.1_L.0.1.6_release.a(core.o)
 *fill*         0x00003e2a        0x2 
 .rodata        0x00003e2c        0x8 .\RCOS\Platforms\Cypress\psoc4\lib_psoc4_C_2.0.1_L.0.1.6_release.a(buttons.o)
 .rodata.str1.4
                0x00003e34        0xe .\RCOS\Platforms\Cypress\psoc4\lib_psoc4_C_2.0.1_L.0.1.6_release.a(buttons.o)
 *fill*         0x00003e42        0x2 
 .rodata        0x00003e44       0x18 .\RCOS\Platforms\Cypress\psoc4\lib_psoc4_C_2.0.1_L.0.1.6_release.a(capsense.o)
                0x00003e4c                devIoCapsenseFuncs
 .rodata.str1.4
                0x00003e5c        0xf .\RCOS\Platforms\Cypress\psoc4\lib_psoc4_C_2.0.1_L.0.1.6_release.a(capsense.o)
                                 0x16 (size before relaxing)
 *fill*         0x00003e6b        0x1 
 .rodata        0x00003e6c       0x18 .\RCOS\Platforms\Cypress\psoc4\lib_psoc4_C_2.0.1_L.0.1.6_release.a(gpio.o)
                0x00003e74                devIoGpioFuncs
 .rodata.str1.4
                0x00003e84        0xb .\RCOS\Platforms\Cypress\psoc4\lib_psoc4_C_2.0.1_L.0.1.6_release.a(gpio.o)
                                 0x12 (size before relaxing)
 *fill*         0x00003e8f        0x1 
 .rodata        0x00003e90       0x30 .\RCOS\Platforms\Cypress\psoc4\lib_psoc4_C_2.0.1_L.0.1.6_release.a(pwm.o)
                0x00003e98                devIoPwmFreqFuncs
                0x00003ea8                devIoPwmDutyFuncs
                0x00003eb8                devCpxPwmCoreFuncs
 .rodata.str1.4
                0x00003ec0        0xa .\RCOS\Platforms\Cypress\psoc4\lib_psoc4_C_2.0.1_L.0.1.6_release.a(pwm.o)
                                 0x12 (size before relaxing)
 *fill*         0x00003eca        0x2 
 .rodata        0x00003ecc       0x18 .\RCOS\Platforms\Cypress\psoc4\lib_psoc4_C_2.0.1_L.0.1.6_release.a(iocomb.o)
                0x00003ed4                devIoIocombFuncs
 .rodata.str1.4
                0x00003ee4        0x7 .\RCOS\Platforms\Cypress\psoc4\lib_psoc4_C_2.0.1_L.0.1.6_release.a(iocomb.o)
                                  0xe (size before relaxing)
 *fill*         0x00003eeb        0x1 
 .rodata        0x00003eec       0x18 .\RCOS\Platforms\Cypress\psoc4\lib_psoc4_C_2.0.1_L.0.1.6_release.a(pattern.o)
                0x00003ef4                devIoPatternFuncs
 .rodata.str1.4
                0x00003f04        0x8 .\RCOS\Platforms\Cypress\psoc4\lib_psoc4_C_2.0.1_L.0.1.6_release.a(pattern.o)
                                  0xe (size before relaxing)
 .rodata.str1.1
                0x00003f0c        0x2 c:/program files (x86)/cypress/psoc creator/4.4/psoc creator/import/gnu/arm/5.4.1/bin/../lib/gcc/arm-none-eabi/5.4.1/../../../../arm-none-eabi/lib/armv6-m\libg_nano.a(lib_a-impure.o)
                0x00003f10                . = ALIGN (0x4)
 *fill*         0x00003f0e        0x2 
 *(.init)
 .init          0x00003f10        0x4 c:/program files (x86)/cypress/psoc creator/4.4/psoc creator/import/gnu/arm/5.4.1/bin/../lib/gcc/arm-none-eabi/5.4.1/armv6-m/crti.o
                0x00003f10                _init
 .init          0x00003f14        0x8 c:/program files (x86)/cypress/psoc creator/4.4/psoc creator/import/gnu/arm/5.4.1/bin/../lib/gcc/arm-none-eabi/5.4.1/armv6-m/crtn.o
                0x00003f1c                . = ALIGN (0x4)
                0x00003f1c                __preinit_array_start = .
 *(.preinit_array)
                0x00003f1c                __preinit_array_end = .
                0x00003f1c                . = ALIGN (0x4)
                0x00003f1c                __init_array_start = .
 *(SORT(.init_array.*))
 *(.init_array)
 .init_array    0x00003f1c        0x4 c:/program files (x86)/cypress/psoc creator/4.4/psoc creator/import/gnu/arm/5.4.1/bin/../lib/gcc/arm-none-eabi/5.4.1/armv6-m/crtbegin.o
 .init_array    0x00003f20        0x4 .\CortexM0\ARM_GCC_541\Debug\Cm0Start.o
                0x00003f24                __init_array_end = .
                0x00003f24                . = ALIGN (0x4)
 *(.fini)
 .fini          0x00003f24        0x4 c:/program files (x86)/cypress/psoc creator/4.4/psoc creator/import/gnu/arm/5.4.1/bin/../lib/gcc/arm-none-eabi/5.4.1/armv6-m/crti.o
                0x00003f24                _fini
 .fini          0x00003f28        0x8 c:/program files (x86)/cypress/psoc creator/4.4/psoc creator/import/gnu/arm/5.4.1/bin/../lib/gcc/arm-none-eabi/5.4.1/armv6-m/crtn.o
                0x00003f30                . = ALIGN (0x4)
                0x00003f30                __fini_array_start = .
 *(.fini_array)
 .fini_array    0x00003f30        0x4 c:/program files (x86)/cypress/psoc creator/4.4/psoc creator/import/gnu/arm/5.4.1/bin/../lib/gcc/arm-none-eabi/5.4.1/armv6-m/crtbegin.o
 *(SORT(.fini_array.*))
                0x00003f34                __fini_array_end = .
                0x00003f34                . = ALIGN (0x4)
 *crtbegin.o(.ctors)
 *(EXCLUDE_FILE(*crtend.o) .ctors)
 *(SORT(.ctors.*))
 *crtend.o(.ctors)
                0x00003f34                . = ALIGN (0x4)
 *crtbegin.o(.dtors)
 *(EXCLUDE_FILE(*crtend.o) .dtors)
 *(SORT(.dtors.*))
 *crtend.o(.dtors)
                0x00003f34                . = ALIGN (0x4)
                0x00003f34                __cy_regions = .
                0x00003f34        0x4 LONG 0x3f48 __cy_region_init_ram
                0x00003f38        0x4 LONG 0x200000c0 __cy_region_start_data
                0x00003f3c        0x4 LONG 0x280 __cy_region_init_size_ram
                0x00003f40        0x4 LONG 0x710 __cy_region_zero_size_ram
                0x00003f44                __cy_regions_end = .
                0x00003f48                . = ALIGN (0x8)
 *fill*         0x00003f44        0x4 
                0x00003f48                _etext = .

.cy_checksum_exclude
                0x00003f48        0x0
 *(.cy_checksum_exclude)

.ramvectors     0x20000000       0xc0
                0x20000000                __cy_region_start_ram = .
 *(.ramvectors)
 .ramvectors    0x20000000       0xc0 .\CortexM0\ARM_GCC_541\Debug\Cm0Start.o
                0x20000000                CyRamVectors

.noinit
 *(.noinit)

.data           0x200000c0      0x280 load address 0x00003f48
                0x200000c0                __cy_region_start_data = .
 *(.jcr)
 .jcr           0x200000c0        0x0 c:/program files (x86)/cypress/psoc creator/4.4/psoc creator/import/gnu/arm/5.4.1/bin/../lib/gcc/arm-none-eabi/5.4.1/armv6-m/crtbegin.o
 .jcr           0x200000c0        0x4 c:/program files (x86)/cypress/psoc creator/4.4/psoc creator/import/gnu/arm/5.4.1/bin/../lib/gcc/arm-none-eabi/5.4.1/armv6-m/crtend.o
 *(.got.plt)
 *(.got)
 *(.shdata)
 *(.data .data.* .gnu.linkonce.d.*)
 .data          0x200000c4        0x8 .\CortexM0\ARM_GCC_541\Debug\platform.o
 .data          0x200000cc      0x1a8 .\CortexM0\ARM_GCC_541\Debug\rcos.o
                0x200000cc                processButton
                0x20000114                processUi
                0x2000015c                LedTimer
                0x20000170                eventQueue
                0x2000017c                processButtonParams
                0x20000188                processUiParams
                0x200001d4                processUipatternParams
                0x200001f4                sevenSegmentDisplayParams
                0x2000020c                sevenSegmentDisplayProcess
                0x20000254                pwmBuzzerCoreParams
                0x20000260                ioCapsenseParams
 .data          0x20000274        0xc .\CortexM0\ARM_GCC_541\Debug\Test1P.a(cyCapsense_SensingCSD_LL.o)
                0x20000274                cyCapsense_configCsd
                0x2000027c                cyCapsense_calibratedIdac
                0x2000027e                cyCapsense_calibratedRawcount
 .data          0x20000280       0x14 .\CortexM0\ARM_GCC_541\Debug\Test1P.a(CyLib.o)
                0x20000280                CySysClkPumpConfig
                0x20000284                cydelay32kMs
                0x20000288                cydelayFreqKhz
                0x2000028c                cydelayFreqMhz
                0x20000290                cydelayFreqHz
 .data          0x20000294        0x8 .\CortexM0\ARM_GCC_541\Debug\Test1P.a(CyLFClk.o)
 .data          0x2000029c        0xc .\RCOS\Platforms\Cypress\psoc4\lib_psoc4_C_2.0.1_L.0.1.6_release.a(core.o)
                0x2000029c                processHiddenMin
 .data          0x200002a8        0x8 .\RCOS\Platforms\Cypress\psoc4\lib_psoc4_C_2.0.1_L.0.1.6_release.a(buttons.o)
 .data          0x200002b0        0x8 .\RCOS\Platforms\Cypress\psoc4\lib_psoc4_C_2.0.1_L.0.1.6_release.a(capsense.o)
 .data          0x200002b8        0x8 .\RCOS\Platforms\Cypress\psoc4\lib_psoc4_C_2.0.1_L.0.1.6_release.a(gpio.o)
 .data          0x200002c0        0x8 .\RCOS\Platforms\Cypress\psoc4\lib_psoc4_C_2.0.1_L.0.1.6_release.a(pwm.o)
 .data          0x200002c8        0x8 .\RCOS\Platforms\Cypress\psoc4\lib_psoc4_C_2.0.1_L.0.1.6_release.a(iocomb.o)
 .data          0x200002d0        0x8 .\RCOS\Platforms\Cypress\psoc4\lib_psoc4_C_2.0.1_L.0.1.6_release.a(pattern.o)
 .data.impure_data
                0x200002d8       0x60 c:/program files (x86)/cypress/psoc creator/4.4/psoc creator/import/gnu/arm/5.4.1/bin/../lib/gcc/arm-none-eabi/5.4.1/../../../../arm-none-eabi/lib/armv6-m\libg_nano.a(lib_a-impure.o)
 .data._impure_ptr
                0x20000338        0x4 c:/program files (x86)/cypress/psoc creator/4.4/psoc creator/import/gnu/arm/5.4.1/bin/../lib/gcc/arm-none-eabi/5.4.1/../../../../arm-none-eabi/lib/armv6-m\libg_nano.a(lib_a-impure.o)
                0x20000338                _impure_ptr
                0x20000340                . = ALIGN (0x8)
 *fill*         0x2000033c        0x4 
 *(.ram)
                0x20000340                _edata = .

.igot.plt       0x20000340        0x0 load address 0x000041c8
 .igot.plt      0x20000340        0x0 c:/program files (x86)/cypress/psoc creator/4.4/psoc creator/import/gnu/arm/5.4.1/bin/../lib/gcc/arm-none-eabi/5.4.1/armv6-m/crtbegin.o

.bss            0x20000340      0x710 load address 0x000041c8
                0x20000340                PROVIDE (__bss_start__, .)
 *(.shbss)
 *(.bss .bss.* .gnu.linkonce.b.*)
 .bss           0x20000340       0x1c c:/program files (x86)/cypress/psoc creator/4.4/psoc creator/import/gnu/arm/5.4.1/bin/../lib/gcc/arm-none-eabi/5.4.1/armv6-m/crtbegin.o
 .bss           0x2000035c       0x75 .\CortexM0\ARM_GCC_541\Debug\rcos.o
                0x2000035c                LedRedSys
                0x20000360                rcosWdtVars
                0x20000368                processUipatternSys
                0x2000036c                encoderSys
                0x20000370                encoderParams
                0x20000374                encCol4Sys
                0x20000378                encCol3Sys
                0x2000037c                encCol2Sys
                0x20000380                encCol1Sys
                0x20000384                sevenSegmentDisplaySys
                0x20000388                sevenSegmentSys
                0x2000038c                digit2Sys
                0x20000390                digit1Sys
                0x20000394                segGSys
                0x20000398                segFSys
                0x2000039c                segESys
                0x200003a0                segDSys
                0x200003a4                segCSys
                0x200003a8                segBSys
                0x200003ac                segASys
                0x200003b0                ledGuiSys
                0x200003b4                ledP45Sys
                0x200003b8                ledP44Sys
                0x200003bc                ledP43Sys
                0x200003c0                buzzerDutySys
                0x200003c4                buzzerSys
                0x200003c8                pwmBuzzerCoreSys
                0x200003d0                ioCapsenseSys
 .bss           0x200003d1        0x1 .\CortexM0\ARM_GCC_541\Debug\Test1P.a(cyCapsense_Control.o)
 *fill*         0x200003d2        0x2 
 .bss           0x200003d4       0x45 .\CortexM0\ARM_GCC_541\Debug\Test1P.a(cyCapsense_Structure.o)
 *fill*         0x20000419        0x3 
 .bss           0x2000041c        0x4 .\CortexM0\ARM_GCC_541\Debug\Test1P.a(cyCapsense_Tuner.o)
 .bss           0x20000420        0x4 .\CortexM0\ARM_GCC_541\Debug\Test1P.a(cyCapsense_Sensing.o)
                0x20000420                cyCapsense_currentSenseMethod
                0x20000421                cyCapsense_requestScanAllWidget
                0x20000422                cyCapsense_widgetIndex
                0x20000423                cyCapsense_sensorIndex
 .bss           0x20000424        0x1 .\CortexM0\ARM_GCC_541\Debug\Test1P.a(cyCapsense_SensingCSD_LL.o)
 .bss           0x20000425        0x1 .\CortexM0\ARM_GCC_541\Debug\Test1P.a(cyBuzzerPWM.o)
                0x20000425                cyBuzzerPWM_initVar
 *fill*         0x20000426        0x2 
 .bss           0x20000428       0x20 .\CortexM0\ARM_GCC_541\Debug\Test1P.a(CyLib.o)
                0x20000428                CySysClkImoTrim4
                0x2000042c                CySysClkImoTrim5
                0x20000444                CySysTickInitVar
 .bss           0x20000448       0x28 .\CortexM0\ARM_GCC_541\Debug\Test1P.a(CyLFClk.o)
 .bss           0x20000470       0x4c .\RCOS\Platforms\Cypress\psoc4\lib_psoc4_C_2.0.1_L.0.1.6_release.a(core.o)
                0x20000470                coreProcessPresent
                0x2000047c                timerGenericList
                0x20000488                timerCallBackList
                0x20000494                timerEventList
                0x200004a0                timerTickCount
                0x200004a4                rcosVersionList
                0x200004ac                timerStopWatch
                0x200004b0                userVersionList
                0x200004b8                rcosDebugDev
 *(COMMON)
 COMMON         0x200004bc      0x400 .\CortexM0\ARM_GCC_541\Debug\rcos.o
                0x200004bc                eventQueueBuffer
 COMMON         0x200008bc       0x7c .\CortexM0\ARM_GCC_541\Debug\Test1P.a(cyCapsense_Structure.o)
                0x200008bc                cyCapsense_dsRam
 COMMON         0x20000938        0x8 .\CortexM0\ARM_GCC_541\Debug\Test1P.a(cyCapsense_Sensing.o)
                0x20000938                cyCapsense_curSnsIOPtr
                0x2000093c                cyCapsense_curRamSnsPtr
 COMMON         0x20000940      0x10c .\RCOS\Platforms\Cypress\psoc4\lib_psoc4_C_2.0.1_L.0.1.6_release.a(core.o)
                0x20000940                coreSysResetInfo
                0x20000948                eventCurrent
                0x2000094c                eventData
                0x20000a50                . = ALIGN (0x8)
 *fill*         0x20000a4c        0x4 
 *(.ram.b)
                0x20000a50                _end = .
                0x20000a50                __end = .
                0x20000a50                PROVIDE (end, .)
                0x20000a50                PROVIDE (__bss_end__, .)
                0x00003f48                __cy_region_init_ram = LOADADDR (.data)
                0x00000280                __cy_region_init_size_ram = (_edata - ADDR (.data))
                0x00000710                __cy_region_zero_size_ram = (_end - _edata)

.heap           0x20000a50       0x80 load address 0x000041c8
                0x20000a50                . = _end
                0x20000ad0                . = (. + 0x80)
 *fill*         0x20000a50       0x80 
                0x20000ad0                __cy_heap_limit = .

.stack          0x20007800      0x800
                0x20007800                __cy_stack_limit = .
                0x20008000                . = (. + 0x800)
 *fill*         0x20007800      0x800 
                0x00000001                ASSERT ((__cy_stack_limit >= __cy_heap_limit), region RAM overflowed with stack)
                0x00000000                cy_checksum_exclude_size = (CY_APPL_LOADABLE == 0x1)?SIZEOF (.cy_checksum_exclude):0x0
                0x00000001                ASSERT ((cy_checksum_exclude_size <= CY_CHECKSUM_EXCLUDE_SIZE), CY_BOOT: Section .cy_checksum_exclude size exceedes specified limit.)
                0x0003ffc0                cyloadermeta_start = (cy_project_type_bootloader || cy_project_type_app_for_stack_and_copier)?(LENGTH (rom) - CY_METADATA_SIZE):0xf0000000

.cyloadermeta
 *(.cyloadermeta)
                0x0003ffc0                cyloadablemeta_start = cy_project_type_app_for_stack_and_copier?((LENGTH (rom) - CY_FLASH_ROW_SIZE) - CY_METADATA_SIZE):((LENGTH (rom) - (CY_FLASH_ROW_SIZE * (CY_APPL_NUM - 0x1))) - CY_METADATA_SIZE)

.cyloadablemeta
 *(.cyloadablemeta)

.cyflashprotect
                0x90400000       0x80
 *(.cyflashprotect)
 .cyflashprotect
                0x90400000       0x80 .\CortexM0\ARM_GCC_541\Debug\cymetadata.o
                0x90400000                cy_meta_flashprotect

.cymeta         0x90500000        0xc
 *(.cymeta)
 .cymeta        0x90500000        0xc .\CortexM0\ARM_GCC_541\Debug\cymetadata.o
                0x90500000                cy_metadata

.cychipprotect  0x90600000        0x1
 *(.cychipprotect)
 .cychipprotect
                0x90600000        0x1 .\CortexM0\ARM_GCC_541\Debug\cymetadata.o
                0x90600000                cy_meta_chipprotect

.rel.dyn        0x000041c8        0x0 load address 0x90600004
 .rel.iplt      0x000041c8        0x0 c:/program files (x86)/cypress/psoc creator/4.4/psoc creator/import/gnu/arm/5.4.1/bin/../lib/gcc/arm-none-eabi/5.4.1/armv6-m/crtbegin.o

.stab
 *(.stab)

.stabstr
 *(.stabstr)

.debug
 *(.debug)

.line
 *(.line)

.debug_srcinfo
 *(.debug_srcinfo)

.debug_sfnames
 *(.debug_sfnames)

.debug_aranges  0x00000000     0x15c0
 *(.debug_aranges)
 .debug_aranges
                0x00000000       0x60 .\CortexM0\ARM_GCC_541\Debug\platform.o
 .debug_aranges
                0x00000060       0x58 .\CortexM0\ARM_GCC_541\Debug\sevensegmentdisplay.o
 .debug_aranges
                0x000000b8       0x38 .\CortexM0\ARM_GCC_541\Debug\encoder.o
 .debug_aranges
                0x000000f0       0x50 .\CortexM0\ARM_GCC_541\Debug\process_ui.o
 .debug_aranges
                0x00000140       0x20 .\CortexM0\ARM_GCC_541\Debug\main.o
 .debug_aranges
                0x00000160       0x48 .\CortexM0\ARM_GCC_541\Debug\rcos.o
 .debug_aranges
                0x000001a8       0x48 .\CortexM0\ARM_GCC_541\Debug\cyfitter_cfg.o
 .debug_aranges
                0x000001f0       0x18 .\CortexM0\ARM_GCC_541\Debug\cymetadata.o
 .debug_aranges
                0x00000208       0x48 .\CortexM0\ARM_GCC_541\Debug\Cm0Start.o
 .debug_aranges
                0x00000250       0x68 .\CortexM0\ARM_GCC_541\Debug\Test1P.a(cyCapsense_Control.o)
 .debug_aranges
                0x000002b8       0x50 .\CortexM0\ARM_GCC_541\Debug\Test1P.a(cyCapsense_Processing.o)
 .debug_aranges
                0x00000308       0x50 .\CortexM0\ARM_GCC_541\Debug\Test1P.a(cyCapsense_Structure.o)
 .debug_aranges
                0x00000358       0x28 .\CortexM0\ARM_GCC_541\Debug\Test1P.a(cyCapsense_Tuner.o)
 .debug_aranges
                0x00000380       0xc0 .\CortexM0\ARM_GCC_541\Debug\Test1P.a(cyCapsense_Filter.o)
 .debug_aranges
                0x00000440       0xd8 .\CortexM0\ARM_GCC_541\Debug\Test1P.a(cyCapsense_Sensing.o)
 .debug_aranges
                0x00000518       0xb0 .\CortexM0\ARM_GCC_541\Debug\Test1P.a(cyCapsense_SensingCSD_LL.o)
 .debug_aranges
                0x000005c8       0x48 .\CortexM0\ARM_GCC_541\Debug\Test1P.a(cyLed_p43.o)
 .debug_aranges
                0x00000610       0x48 .\CortexM0\ARM_GCC_541\Debug\Test1P.a(cyLed_p44.o)
 .debug_aranges
                0x00000658       0x48 .\CortexM0\ARM_GCC_541\Debug\Test1P.a(cyLed_p45.o)
 .debug_aranges
                0x000006a0      0x158 .\CortexM0\ARM_GCC_541\Debug\Test1P.a(cyBuzzerPWM.o)
 .debug_aranges
                0x000007f8       0x48 .\CortexM0\ARM_GCC_541\Debug\Test1P.a(cySegA_p20.o)
 .debug_aranges
                0x00000840       0x48 .\CortexM0\ARM_GCC_541\Debug\Test1P.a(cySegB_p21.o)
 .debug_aranges
                0x00000888       0x48 .\CortexM0\ARM_GCC_541\Debug\Test1P.a(cySegC_p22.o)
 .debug_aranges
                0x000008d0       0x48 .\CortexM0\ARM_GCC_541\Debug\Test1P.a(cySegD_p23.o)
 .debug_aranges
                0x00000918       0x48 .\CortexM0\ARM_GCC_541\Debug\Test1P.a(cySegE_p24.o)
 .debug_aranges
                0x00000960       0x48 .\CortexM0\ARM_GCC_541\Debug\Test1P.a(cySegF_p25.o)
 .debug_aranges
                0x000009a8       0x48 .\CortexM0\ARM_GCC_541\Debug\Test1P.a(cySegG_p26.o)
 .debug_aranges
                0x000009f0       0x48 .\CortexM0\ARM_GCC_541\Debug\Test1P.a(cyDigit1_p34.o)
 .debug_aranges
                0x00000a38       0x48 .\CortexM0\ARM_GCC_541\Debug\Test1P.a(cyDigit2_p35.o)
 .debug_aranges
                0x00000a80       0x48 .\CortexM0\ARM_GCC_541\Debug\Test1P.a(cyCol1_p03.o)
 .debug_aranges
                0x00000ac8       0x48 .\CortexM0\ARM_GCC_541\Debug\Test1P.a(cyCol2_p02.o)
 .debug_aranges
                0x00000b10       0x48 .\CortexM0\ARM_GCC_541\Debug\Test1P.a(cyCol3_p01.o)
 .debug_aranges
                0x00000b58       0x48 .\CortexM0\ARM_GCC_541\Debug\Test1P.a(cyCol4_p00.o)
 .debug_aranges
                0x00000ba0       0x80 .\CortexM0\ARM_GCC_541\Debug\Test1P.a(cyCapsense_ISR.o)
 .debug_aranges
                0x00000c20      0x260 .\CortexM0\ARM_GCC_541\Debug\Test1P.a(CyLib.o)
 .debug_aranges
                0x00000e80      0x188 .\CortexM0\ARM_GCC_541\Debug\Test1P.a(CyLFClk.o)
 .debug_aranges
                0x00001008       0x20 .\CortexM0\ARM_GCC_541\Debug\Test1P.a(CyBootAsmGnu.o)
 .debug_aranges
                0x00001028       0x38 .\CortexM0\ARM_GCC_541\Debug\Test1P.a(cyCapsense_INT.o)
 .debug_aranges
                0x00001060       0x40 .\CortexM0\ARM_GCC_541\Debug\Test1P.a(CyFlash.o)
 .debug_aranges
                0x000010a0       0x30 C:\Program Files (x86)\Cypress\PSoC Creator\4.4\PSoC Creator\psoc\content\CyComponentLibrary\CyComponentLibrary.cylib\CapSense_P4_v6_0\PSoC4\Library\Capsense_P4Library_GCC.a(CapSense_SmartSense_LL.o)
 .debug_aranges
                0x000010d0       0x30 C:\Program Files (x86)\Cypress\PSoC Creator\4.4\PSoC Creator\psoc\content\CyComponentLibrary\CyComponentLibrary.cylib\CapSense_P4_v6_0\PSoC4\Library\Capsense_P4Library_GCC.a(CapSense_SmartSense_SL.o)
 .debug_aranges
                0x00001100       0xc0 .\RCOS\Platforms\Cypress\psoc4\lib_psoc4_C_2.0.1_L.0.1.6_release.a(core.o)
 .debug_aranges
                0x000011c0       0x88 .\RCOS\Platforms\Cypress\psoc4\lib_psoc4_C_2.0.1_L.0.1.6_release.a(deque.o)
 .debug_aranges
                0x00001248       0x80 .\RCOS\Platforms\Cypress\psoc4\lib_psoc4_C_2.0.1_L.0.1.6_release.a(list_dl.o)
 .debug_aranges
                0x000012c8       0x30 .\RCOS\Platforms\Cypress\psoc4\lib_psoc4_C_2.0.1_L.0.1.6_release.a(version.o)
 .debug_aranges
                0x000012f8       0x38 .\RCOS\Platforms\Cypress\psoc4\lib_psoc4_C_2.0.1_L.0.1.6_release.a(buttons.o)
 .debug_aranges
                0x00001330       0x38 .\RCOS\Platforms\Cypress\psoc4\lib_psoc4_C_2.0.1_L.0.1.6_release.a(capsense.o)
 .debug_aranges
                0x00001368       0x38 .\RCOS\Platforms\Cypress\psoc4\lib_psoc4_C_2.0.1_L.0.1.6_release.a(gpio.o)
 .debug_aranges
                0x000013a0       0x50 .\RCOS\Platforms\Cypress\psoc4\lib_psoc4_C_2.0.1_L.0.1.6_release.a(pwm.o)
 .debug_aranges
                0x000013f0       0xe0 .\RCOS\Platforms\Cypress\psoc4\lib_psoc4_C_2.0.1_L.0.1.6_release.a(dev.o)
 .debug_aranges
                0x000014d0       0x38 .\RCOS\Platforms\Cypress\psoc4\lib_psoc4_C_2.0.1_L.0.1.6_release.a(iocomb.o)
 .debug_aranges
                0x00001508       0x40 .\RCOS\Platforms\Cypress\psoc4\lib_psoc4_C_2.0.1_L.0.1.6_release.a(pattern.o)
 .debug_aranges
                0x00001548       0x78 .\RCOS\Platforms\Cypress\psoc4\lib_psoc4_C_2.0.1_L.0.1.6_release.a(list_sl.o)

.debug_pubnames
 *(.debug_pubnames)

.debug_info     0x00000000    0x15aef
 *(.debug_info .gnu.linkonce.wi.*)
 .debug_info    0x00000000      0x4ac .\CortexM0\ARM_GCC_541\Debug\platform.o
 .debug_info    0x000004ac      0xade .\CortexM0\ARM_GCC_541\Debug\sevensegmentdisplay.o
 .debug_info    0x00000f8a      0x489 .\CortexM0\ARM_GCC_541\Debug\encoder.o
 .debug_info    0x00001413      0xc1a .\CortexM0\ARM_GCC_541\Debug\process_ui.o
 .debug_info    0x0000202d       0xf8 .\CortexM0\ARM_GCC_541\Debug\main.o
 .debug_info    0x00002125     0x1700 .\CortexM0\ARM_GCC_541\Debug\rcos.o
 .debug_info    0x00003825      0x405 .\CortexM0\ARM_GCC_541\Debug\cyfitter_cfg.o
 .debug_info    0x00003c2a       0xf8 .\CortexM0\ARM_GCC_541\Debug\cymetadata.o
 .debug_info    0x00003d22      0x3a2 .\CortexM0\ARM_GCC_541\Debug\Cm0Start.o
 .debug_info    0x000040c4      0xa60 .\CortexM0\ARM_GCC_541\Debug\Test1P.a(cyCapsense_Control.o)
 .debug_info    0x00004b24      0xc10 .\CortexM0\ARM_GCC_541\Debug\Test1P.a(cyCapsense_Processing.o)
 .debug_info    0x00005734      0xb3b .\CortexM0\ARM_GCC_541\Debug\Test1P.a(cyCapsense_Structure.o)
 .debug_info    0x0000626f      0x682 .\CortexM0\ARM_GCC_541\Debug\Test1P.a(cyCapsense_Tuner.o)
 .debug_info    0x000068f1      0xd20 .\CortexM0\ARM_GCC_541\Debug\Test1P.a(cyCapsense_Filter.o)
 .debug_info    0x00007611      0xfd1 .\CortexM0\ARM_GCC_541\Debug\Test1P.a(cyCapsense_Sensing.o)
 .debug_info    0x000085e2      0xf4f .\CortexM0\ARM_GCC_541\Debug\Test1P.a(cyCapsense_SensingCSD_LL.o)
 .debug_info    0x00009531      0x19d .\CortexM0\ARM_GCC_541\Debug\Test1P.a(cyLed_p43.o)
 .debug_info    0x000096ce      0x19d .\CortexM0\ARM_GCC_541\Debug\Test1P.a(cyLed_p44.o)
 .debug_info    0x0000986b      0x19d .\CortexM0\ARM_GCC_541\Debug\Test1P.a(cyLed_p45.o)
 .debug_info    0x00009a08      0x909 .\CortexM0\ARM_GCC_541\Debug\Test1P.a(cyBuzzerPWM.o)
 .debug_info    0x0000a311      0x19b .\CortexM0\ARM_GCC_541\Debug\Test1P.a(cySegA_p20.o)
 .debug_info    0x0000a4ac      0x19d .\CortexM0\ARM_GCC_541\Debug\Test1P.a(cySegB_p21.o)
 .debug_info    0x0000a649      0x19d .\CortexM0\ARM_GCC_541\Debug\Test1P.a(cySegC_p22.o)
 .debug_info    0x0000a7e6      0x19d .\CortexM0\ARM_GCC_541\Debug\Test1P.a(cySegD_p23.o)
 .debug_info    0x0000a983      0x19d .\CortexM0\ARM_GCC_541\Debug\Test1P.a(cySegE_p24.o)
 .debug_info    0x0000ab20      0x19d .\CortexM0\ARM_GCC_541\Debug\Test1P.a(cySegF_p25.o)
 .debug_info    0x0000acbd      0x19d .\CortexM0\ARM_GCC_541\Debug\Test1P.a(cySegG_p26.o)
 .debug_info    0x0000ae5a      0x19d .\CortexM0\ARM_GCC_541\Debug\Test1P.a(cyDigit1_p34.o)
 .debug_info    0x0000aff7      0x19d .\CortexM0\ARM_GCC_541\Debug\Test1P.a(cyDigit2_p35.o)
 .debug_info    0x0000b194      0x19d .\CortexM0\ARM_GCC_541\Debug\Test1P.a(cyCol1_p03.o)
 .debug_info    0x0000b331      0x19d .\CortexM0\ARM_GCC_541\Debug\Test1P.a(cyCol2_p02.o)
 .debug_info    0x0000b4ce      0x19d .\CortexM0\ARM_GCC_541\Debug\Test1P.a(cyCol3_p01.o)
 .debug_info    0x0000b66b      0x19b .\CortexM0\ARM_GCC_541\Debug\Test1P.a(cyCol4_p00.o)
 .debug_info    0x0000b806      0x305 .\CortexM0\ARM_GCC_541\Debug\Test1P.a(cyCapsense_ISR.o)
 .debug_info    0x0000bb0b     0x17a0 .\CortexM0\ARM_GCC_541\Debug\Test1P.a(CyLib.o)
 .debug_info    0x0000d2ab     0x1058 .\CortexM0\ARM_GCC_541\Debug\Test1P.a(CyLFClk.o)
 .debug_info    0x0000e303       0x87 .\CortexM0\ARM_GCC_541\Debug\Test1P.a(CyBootAsmGnu.o)
 .debug_info    0x0000e38a      0x6df .\CortexM0\ARM_GCC_541\Debug\Test1P.a(cyCapsense_INT.o)
 .debug_info    0x0000ea69      0x352 .\CortexM0\ARM_GCC_541\Debug\Test1P.a(CyFlash.o)
 .debug_info    0x0000edbb      0x204 C:\Program Files (x86)\Cypress\PSoC Creator\4.4\PSoC Creator\psoc\content\CyComponentLibrary\CyComponentLibrary.cylib\CapSense_P4_v6_0\PSoC4\Library\Capsense_P4Library_GCC.a(CapSense_SmartSense_LL.o)
 .debug_info    0x0000efbf      0x24f C:\Program Files (x86)\Cypress\PSoC Creator\4.4\PSoC Creator\psoc\content\CyComponentLibrary\CyComponentLibrary.cylib\CapSense_P4_v6_0\PSoC4\Library\Capsense_P4Library_GCC.a(CapSense_SmartSense_SL.o)
 .debug_info    0x0000f20e     0x17b9 .\RCOS\Platforms\Cypress\psoc4\lib_psoc4_C_2.0.1_L.0.1.6_release.a(core.o)
 .debug_info    0x000109c7      0x8e7 .\RCOS\Platforms\Cypress\psoc4\lib_psoc4_C_2.0.1_L.0.1.6_release.a(deque.o)
 .debug_info    0x000112ae      0x7d6 .\RCOS\Platforms\Cypress\psoc4\lib_psoc4_C_2.0.1_L.0.1.6_release.a(list_dl.o)
 .debug_info    0x00011a84      0x294 .\RCOS\Platforms\Cypress\psoc4\lib_psoc4_C_2.0.1_L.0.1.6_release.a(version.o)
 .debug_info    0x00011d18      0x882 .\RCOS\Platforms\Cypress\psoc4\lib_psoc4_C_2.0.1_L.0.1.6_release.a(buttons.o)
 .debug_info    0x0001259a      0x666 .\RCOS\Platforms\Cypress\psoc4\lib_psoc4_C_2.0.1_L.0.1.6_release.a(capsense.o)
 .debug_info    0x00012c00      0x4a7 .\RCOS\Platforms\Cypress\psoc4\lib_psoc4_C_2.0.1_L.0.1.6_release.a(gpio.o)
 .debug_info    0x000130a7      0x7ca .\RCOS\Platforms\Cypress\psoc4\lib_psoc4_C_2.0.1_L.0.1.6_release.a(pwm.o)
 .debug_info    0x00013871     0x10f5 .\RCOS\Platforms\Cypress\psoc4\lib_psoc4_C_2.0.1_L.0.1.6_release.a(dev.o)
 .debug_info    0x00014966      0x5a2 .\RCOS\Platforms\Cypress\psoc4\lib_psoc4_C_2.0.1_L.0.1.6_release.a(iocomb.o)
 .debug_info    0x00014f08      0x6ee .\RCOS\Platforms\Cypress\psoc4\lib_psoc4_C_2.0.1_L.0.1.6_release.a(pattern.o)
 .debug_info    0x000155f6      0x4f9 .\RCOS\Platforms\Cypress\psoc4\lib_psoc4_C_2.0.1_L.0.1.6_release.a(list_sl.o)

.debug_abbrev   0x00000000     0x4f0c
 *(.debug_abbrev)
 .debug_abbrev  0x00000000      0x1f1 .\CortexM0\ARM_GCC_541\Debug\platform.o
 .debug_abbrev  0x000001f1      0x255 .\CortexM0\ARM_GCC_541\Debug\sevensegmentdisplay.o
 .debug_abbrev  0x00000446      0x176 .\CortexM0\ARM_GCC_541\Debug\encoder.o
 .debug_abbrev  0x000005bc      0x280 .\CortexM0\ARM_GCC_541\Debug\process_ui.o
 .debug_abbrev  0x0000083c       0x99 .\CortexM0\ARM_GCC_541\Debug\main.o
 .debug_abbrev  0x000008d5      0x1f1 .\CortexM0\ARM_GCC_541\Debug\rcos.o
 .debug_abbrev  0x00000ac6      0x1cf .\CortexM0\ARM_GCC_541\Debug\cyfitter_cfg.o
 .debug_abbrev  0x00000c95       0x5d .\CortexM0\ARM_GCC_541\Debug\cymetadata.o
 .debug_abbrev  0x00000cf2      0x1d7 .\CortexM0\ARM_GCC_541\Debug\Cm0Start.o
 .debug_abbrev  0x00000ec9      0x20b .\CortexM0\ARM_GCC_541\Debug\Test1P.a(cyCapsense_Control.o)
 .debug_abbrev  0x000010d4      0x1c2 .\CortexM0\ARM_GCC_541\Debug\Test1P.a(cyCapsense_Processing.o)
 .debug_abbrev  0x00001296      0x1ff .\CortexM0\ARM_GCC_541\Debug\Test1P.a(cyCapsense_Structure.o)
 .debug_abbrev  0x00001495      0x166 .\CortexM0\ARM_GCC_541\Debug\Test1P.a(cyCapsense_Tuner.o)
 .debug_abbrev  0x000015fb      0x23a .\CortexM0\ARM_GCC_541\Debug\Test1P.a(cyCapsense_Filter.o)
 .debug_abbrev  0x00001835      0x230 .\CortexM0\ARM_GCC_541\Debug\Test1P.a(cyCapsense_Sensing.o)
 .debug_abbrev  0x00001a65      0x28d .\CortexM0\ARM_GCC_541\Debug\Test1P.a(cyCapsense_SensingCSD_LL.o)
 .debug_abbrev  0x00001cf2       0xc8 .\CortexM0\ARM_GCC_541\Debug\Test1P.a(cyLed_p43.o)
 .debug_abbrev  0x00001dba       0xc8 .\CortexM0\ARM_GCC_541\Debug\Test1P.a(cyLed_p44.o)
 .debug_abbrev  0x00001e82       0xc8 .\CortexM0\ARM_GCC_541\Debug\Test1P.a(cyLed_p45.o)
 .debug_abbrev  0x00001f4a      0x119 .\CortexM0\ARM_GCC_541\Debug\Test1P.a(cyBuzzerPWM.o)
 .debug_abbrev  0x00002063       0xc8 .\CortexM0\ARM_GCC_541\Debug\Test1P.a(cySegA_p20.o)
 .debug_abbrev  0x0000212b       0xc8 .\CortexM0\ARM_GCC_541\Debug\Test1P.a(cySegB_p21.o)
 .debug_abbrev  0x000021f3       0xc8 .\CortexM0\ARM_GCC_541\Debug\Test1P.a(cySegC_p22.o)
 .debug_abbrev  0x000022bb       0xc8 .\CortexM0\ARM_GCC_541\Debug\Test1P.a(cySegD_p23.o)
 .debug_abbrev  0x00002383       0xc8 .\CortexM0\ARM_GCC_541\Debug\Test1P.a(cySegE_p24.o)
 .debug_abbrev  0x0000244b       0xc8 .\CortexM0\ARM_GCC_541\Debug\Test1P.a(cySegF_p25.o)
 .debug_abbrev  0x00002513       0xc8 .\CortexM0\ARM_GCC_541\Debug\Test1P.a(cySegG_p26.o)
 .debug_abbrev  0x000025db       0xc8 .\CortexM0\ARM_GCC_541\Debug\Test1P.a(cyDigit1_p34.o)
 .debug_abbrev  0x000026a3       0xc8 .\CortexM0\ARM_GCC_541\Debug\Test1P.a(cyDigit2_p35.o)
 .debug_abbrev  0x0000276b       0xc8 .\CortexM0\ARM_GCC_541\Debug\Test1P.a(cyCol1_p03.o)
 .debug_abbrev  0x00002833       0xc8 .\CortexM0\ARM_GCC_541\Debug\Test1P.a(cyCol2_p02.o)
 .debug_abbrev  0x000028fb       0xc8 .\CortexM0\ARM_GCC_541\Debug\Test1P.a(cyCol3_p01.o)
 .debug_abbrev  0x000029c3       0xc8 .\CortexM0\ARM_GCC_541\Debug\Test1P.a(cyCol4_p00.o)
 .debug_abbrev  0x00002a8b      0x19a .\CortexM0\ARM_GCC_541\Debug\Test1P.a(cyCapsense_ISR.o)
 .debug_abbrev  0x00002c25      0x27b .\CortexM0\ARM_GCC_541\Debug\Test1P.a(CyLib.o)
 .debug_abbrev  0x00002ea0      0x248 .\CortexM0\ARM_GCC_541\Debug\Test1P.a(CyLFClk.o)
 .debug_abbrev  0x000030e8       0x14 .\CortexM0\ARM_GCC_541\Debug\Test1P.a(CyBootAsmGnu.o)
 .debug_abbrev  0x000030fc      0x17f .\CortexM0\ARM_GCC_541\Debug\Test1P.a(cyCapsense_INT.o)
 .debug_abbrev  0x0000327b      0x182 .\CortexM0\ARM_GCC_541\Debug\Test1P.a(CyFlash.o)
 .debug_abbrev  0x000033fd       0xd5 C:\Program Files (x86)\Cypress\PSoC Creator\4.4\PSoC Creator\psoc\content\CyComponentLibrary\CyComponentLibrary.cylib\CapSense_P4_v6_0\PSoC4\Library\Capsense_P4Library_GCC.a(CapSense_SmartSense_LL.o)
 .debug_abbrev  0x000034d2       0xa8 C:\Program Files (x86)\Cypress\PSoC Creator\4.4\PSoC Creator\psoc\content\CyComponentLibrary\CyComponentLibrary.cylib\CapSense_P4_v6_0\PSoC4\Library\Capsense_P4Library_GCC.a(CapSense_SmartSense_SL.o)
 .debug_abbrev  0x0000357a      0x451 .\RCOS\Platforms\Cypress\psoc4\lib_psoc4_C_2.0.1_L.0.1.6_release.a(core.o)
 .debug_abbrev  0x000039cb      0x208 .\RCOS\Platforms\Cypress\psoc4\lib_psoc4_C_2.0.1_L.0.1.6_release.a(deque.o)
 .debug_abbrev  0x00003bd3      0x284 .\RCOS\Platforms\Cypress\psoc4\lib_psoc4_C_2.0.1_L.0.1.6_release.a(list_dl.o)
 .debug_abbrev  0x00003e57      0x144 .\RCOS\Platforms\Cypress\psoc4\lib_psoc4_C_2.0.1_L.0.1.6_release.a(version.o)
 .debug_abbrev  0x00003f9b      0x208 .\RCOS\Platforms\Cypress\psoc4\lib_psoc4_C_2.0.1_L.0.1.6_release.a(buttons.o)
 .debug_abbrev  0x000041a3      0x1ff .\RCOS\Platforms\Cypress\psoc4\lib_psoc4_C_2.0.1_L.0.1.6_release.a(capsense.o)
 .debug_abbrev  0x000043a2      0x184 .\RCOS\Platforms\Cypress\psoc4\lib_psoc4_C_2.0.1_L.0.1.6_release.a(gpio.o)
 .debug_abbrev  0x00004526      0x209 .\RCOS\Platforms\Cypress\psoc4\lib_psoc4_C_2.0.1_L.0.1.6_release.a(pwm.o)
 .debug_abbrev  0x0000472f      0x2c6 .\RCOS\Platforms\Cypress\psoc4\lib_psoc4_C_2.0.1_L.0.1.6_release.a(dev.o)
 .debug_abbrev  0x000049f5      0x17d .\RCOS\Platforms\Cypress\psoc4\lib_psoc4_C_2.0.1_L.0.1.6_release.a(iocomb.o)
 .debug_abbrev  0x00004b72      0x1d5 .\RCOS\Platforms\Cypress\psoc4\lib_psoc4_C_2.0.1_L.0.1.6_release.a(pattern.o)
 .debug_abbrev  0x00004d47      0x1c5 .\RCOS\Platforms\Cypress\psoc4\lib_psoc4_C_2.0.1_L.0.1.6_release.a(list_sl.o)

.debug_line     0x00000000     0x6cb8
 *(.debug_line)
 .debug_line    0x00000000      0x247 .\CortexM0\ARM_GCC_541\Debug\platform.o
 .debug_line    0x00000247      0x276 .\CortexM0\ARM_GCC_541\Debug\sevensegmentdisplay.o
 .debug_line    0x000004bd      0x1da .\CortexM0\ARM_GCC_541\Debug\encoder.o
 .debug_line    0x00000697      0x283 .\CortexM0\ARM_GCC_541\Debug\process_ui.o
 .debug_line    0x0000091a      0x156 .\CortexM0\ARM_GCC_541\Debug\main.o
 .debug_line    0x00000a70      0x2f6 .\CortexM0\ARM_GCC_541\Debug\rcos.o
 .debug_line    0x00000d66      0x1a6 .\CortexM0\ARM_GCC_541\Debug\cyfitter_cfg.o
 .debug_line    0x00000f0c      0x141 .\CortexM0\ARM_GCC_541\Debug\cymetadata.o
 .debug_line    0x0000104d      0x236 .\CortexM0\ARM_GCC_541\Debug\Cm0Start.o
 .debug_line    0x00001283      0x24f .\CortexM0\ARM_GCC_541\Debug\Test1P.a(cyCapsense_Control.o)
 .debug_line    0x000014d2      0x346 .\CortexM0\ARM_GCC_541\Debug\Test1P.a(cyCapsense_Processing.o)
 .debug_line    0x00001818      0x1bc .\CortexM0\ARM_GCC_541\Debug\Test1P.a(cyCapsense_Structure.o)
 .debug_line    0x000019d4      0x144 .\CortexM0\ARM_GCC_541\Debug\Test1P.a(cyCapsense_Tuner.o)
 .debug_line    0x00001b18      0x30d .\CortexM0\ARM_GCC_541\Debug\Test1P.a(cyCapsense_Filter.o)
 .debug_line    0x00001e25      0x459 .\CortexM0\ARM_GCC_541\Debug\Test1P.a(cyCapsense_Sensing.o)
 .debug_line    0x0000227e      0x352 .\CortexM0\ARM_GCC_541\Debug\Test1P.a(cyCapsense_SensingCSD_LL.o)
 .debug_line    0x000025d0       0xc1 .\CortexM0\ARM_GCC_541\Debug\Test1P.a(cyLed_p43.o)
 .debug_line    0x00002691       0xc1 .\CortexM0\ARM_GCC_541\Debug\Test1P.a(cyLed_p44.o)
 .debug_line    0x00002752       0xc1 .\CortexM0\ARM_GCC_541\Debug\Test1P.a(cyLed_p45.o)
 .debug_line    0x00002813      0x384 .\CortexM0\ARM_GCC_541\Debug\Test1P.a(cyBuzzerPWM.o)
 .debug_line    0x00002b97       0xc1 .\CortexM0\ARM_GCC_541\Debug\Test1P.a(cySegA_p20.o)
 .debug_line    0x00002c58       0xc2 .\CortexM0\ARM_GCC_541\Debug\Test1P.a(cySegB_p21.o)
 .debug_line    0x00002d1a       0xc2 .\CortexM0\ARM_GCC_541\Debug\Test1P.a(cySegC_p22.o)
 .debug_line    0x00002ddc       0xc2 .\CortexM0\ARM_GCC_541\Debug\Test1P.a(cySegD_p23.o)
 .debug_line    0x00002e9e       0xc2 .\CortexM0\ARM_GCC_541\Debug\Test1P.a(cySegE_p24.o)
 .debug_line    0x00002f60       0xc2 .\CortexM0\ARM_GCC_541\Debug\Test1P.a(cySegF_p25.o)
 .debug_line    0x00003022       0xc2 .\CortexM0\ARM_GCC_541\Debug\Test1P.a(cySegG_p26.o)
 .debug_line    0x000030e4       0xc4 .\CortexM0\ARM_GCC_541\Debug\Test1P.a(cyDigit1_p34.o)
 .debug_line    0x000031a8       0xc4 .\CortexM0\ARM_GCC_541\Debug\Test1P.a(cyDigit2_p35.o)
 .debug_line    0x0000326c       0xc2 .\CortexM0\ARM_GCC_541\Debug\Test1P.a(cyCol1_p03.o)
 .debug_line    0x0000332e       0xc2 .\CortexM0\ARM_GCC_541\Debug\Test1P.a(cyCol2_p02.o)
 .debug_line    0x000033f0       0xc2 .\CortexM0\ARM_GCC_541\Debug\Test1P.a(cyCol3_p01.o)
 .debug_line    0x000034b2       0xc1 .\CortexM0\ARM_GCC_541\Debug\Test1P.a(cyCol4_p00.o)
 .debug_line    0x00003573      0x15a .\CortexM0\ARM_GCC_541\Debug\Test1P.a(cyCapsense_ISR.o)
 .debug_line    0x000036cd      0x8eb .\CortexM0\ARM_GCC_541\Debug\Test1P.a(CyLib.o)
 .debug_line    0x00003fb8      0x5d1 .\CortexM0\ARM_GCC_541\Debug\Test1P.a(CyLFClk.o)